chose --depth 4 automatically
length 18, k=3: sweeping every self-dual permutation ending in 1 (I(17) of them) in 37691 work units on 12 workers
  [200/37691] 10,596,776 decided  8,358/s  21.1m
  [400/37691] 13,569,832 decided  9,016/s  25.1m
  [600/37691] 16,333,288 decided  9,262/s  29.4m
  [800/37691] 19,070,544 decided  9,274/s  34.3m
  [1000/37691] 21,834,000 decided  9,126/s  39.9m
  [1200/37691] 24,597,456 decided  8,978/s  45.7m
  [1400/37691] 27,753,568 decided  8,760/s  52.8m
  [1600/37691] 30,517,024 decided  8,729/s  58.3m
  [1800/37691] 33,254,280 decided  8,724/s  63.5m
  [2000/37691] 36,017,736 decided  8,596/s  69.8m
  [2200/37691] 38,754,992 decided  8,450/s  76.4m
  [2400/37691] 41,780,104 decided  8,098/s  86.0m
  [2600/37691] 44,700,760 decided  8,123/s  91.7m
  [2800/37691] 47,438,016 decided  8,146/s  97.1m
  [3000/37691] 49,022,936 decided  8,187/s  99.8m
  [3200/37691] 49,874,376 decided  8,164/s  101.8m
  [3400/37691] 50,630,856 decided  8,186/s  103.1m
  [3600/37691] 51,380,460 decided  8,186/s  104.6m
  [3800/37691] 52,231,900 decided  8,161/s  106.7m
  [4000/37691] 52,981,504 decided  8,173/s  108.0m
  [4200/37691] 53,777,936 decided  8,123/s  110.3m
  [4400/37691] 54,582,548 decided  8,123/s  112.0m
  [4600/37691] 55,332,152 decided  8,108/s  113.7m
  [4800/37691] 56,183,592 decided  8,063/s  116.1m
  [5000/37691] 57,956,192 decided  8,077/s  119.6m
  [5200/37691] 59,425,524 decided  8,063/s  122.8m
  [5400/37691] 60,276,964 decided  8,050/s  124.8m
  [5600/37691] 61,026,568 decided  8,061/s  126.2m
  [5800/37691] 61,776,172 decided  8,061/s  127.7m
  [6000/37691] 62,627,612 decided  8,066/s  129.4m
  [6200/37691] 63,377,216 decided  8,055/s  131.1m
  [6400/37691] 64,228,656 decided  8,005/s  133.7m
  [6600/37691] 64,978,260 decided  8,029/s  134.9m
  [6800/37691] 65,727,864 decided  8,020/s  136.6m
  [7000/37691] 66,579,304 decided  7,977/s  139.1m
  [7200/37691] 68,500,568 decided  7,980/s  143.1m
  [7400/37691] 69,821,236 decided  7,987/s  145.7m
  [7600/37691] 70,672,676 decided  7,976/s  147.7m
  [7800/37691] 71,422,280 decided  8,005/s  148.7m
  [8000/37691] 72,259,968 decided  7,974/s  151.0m
  [8200/37691] 73,023,324 decided  7,999/s  152.1m
  [8400/37691] 73,772,928 decided  7,999/s  153.7m
  [8600/37691] 74,624,368 decided  7,971/s  156.0m
  [8800/37691] 75,380,848 decided  7,967/s  157.7m
  [9000/37691] 76,163,528 decided  7,902/s  160.6m
  [9200/37691] 76,981,892 decided  7,938/s  161.6m
  [9400/37691] 79,018,744 decided  7,886/s  167.0m
  [9600/37691] 80,250,024 decided  7,895/s  169.4m
  [9800/37691] 81,075,264 decided  7,903/s  171.0m
  [10000/37691] 81,824,868 decided  7,906/s  172.5m
  [10200/37691] 82,676,308 decided  7,907/s  174.3m
  [10400/37691] 83,425,912 decided  7,905/s  175.9m
  [10600/37691] 84,175,516 decided  7,895/s  177.7m
  [10800/37691] 85,026,956 decided  7,881/s  179.8m
  [11000/37691] 85,776,560 decided  7,869/s  181.7m
  [11200/37691] 86,628,000 decided  7,856/s  183.8m
  [11400/37691] 87,377,604 decided  7,837/s  185.8m
  [11600/37691] 89,536,920 decided  7,802/s  191.3m
  [11800/37691] 90,721,372 decided  7,802/s  193.8m
  [12000/37691] 91,470,976 decided  7,816/s  195.0m
  [12200/37691] 92,220,580 decided  7,825/s  196.4m
  [12400/37691] 93,072,020 decided  7,822/s  198.3m
  [12600/37691] 93,821,624 decided  7,824/s  199.9m
  [12800/37691] 94,645,560 decided  7,796/s  202.3m
  [13000/37691] 95,422,668 decided  7,808/s  203.7m
  [13200/37691] 96,172,272 decided  7,803/s  205.4m
  [13400/37691] 97,023,712 decided  7,758/s  208.4m
  [13600/37691] 97,773,316 decided  7,765/s  209.9m
  [13800/37691] 100,055,096 decided  7,737/s  215.5m
  [14000/37691] 101,117,084 decided  7,747/s  217.5m
  [14200/37691] 101,866,688 decided  7,747/s  219.1m
  [14400/37691] 102,616,292 decided  7,750/s  220.7m
  [14600/37691] 103,467,732 decided  7,743/s  222.7m
  [14800/37691] 104,217,336 decided  7,745/s  224.3m
  [15000/37691] 105,068,776 decided  7,727/s  226.6m
  [15200/37691] 105,825,256 decided  7,717/s  228.6m
  [15400/37691] 106,574,860 decided  7,702/s  230.6m
  [15600/37691] 107,426,300 decided  7,665/s  233.6m
  [15800/37691] 108,175,904 decided  7,657/s  235.5m
  [16000/37691] 110,599,472 decided  7,626/s  241.7m
  [16200/37691] 111,519,672 decided  7,635/s  243.4m
  [16400/37691] 112,269,276 decided  7,631/s  245.2m
  [16600/37691] 113,120,716 decided  7,620/s  247.4m
  [16800/37691] 113,870,320 decided  7,618/s  249.1m
  [17000/37691] 114,619,924 decided  7,617/s  250.8m
  [17200/37691] 115,471,364 decided  7,599/s  253.3m
  [17400/37691] 116,220,968 decided  7,587/s  255.3m
  [17600/37691] 117,031,152 decided  7,549/s  258.4m
  [17800/37691] 117,822,012 decided  7,550/s  260.1m
  [18000/37691] 118,571,616 decided  7,532/s  262.4m
  [18200/37691] 121,117,648 decided  7,499/s  269.2m
  [18400/37691] 121,915,384 decided  7,510/s  270.6m
  [18600/37691] 122,664,988 decided  7,505/s  272.4m
  [18800/37691] 123,516,428 decided  7,498/s  274.6m
  [19000/37691] 124,266,032 decided  7,499/s  276.2m
  [19200/37691] 125,015,636 decided  7,491/s  278.1m
  [19400/37691] 125,867,076 decided  7,477/s  280.6m
  [19600/37691] 126,616,680 decided  7,469/s  282.5m
  [19800/37691] 127,468,120 decided  7,438/s  285.6m
  [20000/37691] 128,217,724 decided  7,432/s  287.5m
  [20200/37691] 128,967,328 decided  7,411/s  290.0m
  [20400/37691] 131,561,492 decided  7,385/s  296.9m
  [20600/37691] 132,311,096 decided  7,383/s  298.7m
  [20800/37691] 133,060,700 decided  7,379/s  300.5m
  [21000/37691] 133,912,140 decided  7,365/s  303.0m
  [21200/37691] 134,661,744 decided  7,359/s  305.0m
  [21400/37691] 135,513,184 decided  7,347/s  307.4m
  [21600/37691] 136,269,664 decided  7,340/s  309.4m
  [21800/37691] 137,019,268 decided  7,324/s  311.8m
  [22000/37691] 137,870,708 decided  7,294/s  315.0m
  [22200/37691] 138,620,312 decided  7,283/s  317.2m
  [22400/37691] 139,599,800 decided  7,193/s  323.4m
  [22600/37691] 141,964,080 decided  7,228/s  327.4m
  [22800/37691] 142,713,684 decided  7,228/s  329.1m
  [23000/37691] 143,503,240 decided  7,203/s  332.1m
  [23200/37691] 144,314,728 decided  7,201/s  334.0m
  [23400/37691] 145,064,332 decided  7,194/s  336.1m
  [23600/37691] 145,915,772 decided  7,180/s  338.7m
  [23800/37691] 146,665,376 decided  7,174/s  340.7m
  [24000/37691] 147,414,980 decided  7,156/s  343.3m
  [24200/37691] 148,266,420 decided  7,133/s  346.4m
  [24400/37691] 149,016,024 decided  7,109/s  349.4m
  [24600/37691] 150,353,776 decided  7,037/s  356.1m
  [24800/37691] 152,359,792 decided  7,057/s  359.8m
  [25000/37691] 153,109,396 decided  7,048/s  362.1m
  [25200/37691] 153,960,836 decided  7,032/s  364.9m
  [25400/37691] 154,710,440 decided  7,025/s  367.1m
  [25600/37691] 155,460,044 decided  7,013/s  369.5m
  [25800/37691] 156,311,484 decided  6,998/s  372.3m
  [26000/37691] 157,061,088 decided  6,987/s  374.6m
  [26200/37691] 157,898,776 decided  6,963/s  377.9m
  [26400/37691] 158,662,132 decided  6,950/s  380.5m
  [26600/37691] 159,411,736 decided  6,927/s  383.6m
  [26800/37691] 160,871,952 decided  6,855/s  391.1m
  [27000/37691] 162,755,504 decided  6,874/s  394.6m
  [27200/37691] 163,505,108 decided  6,864/s  397.0m
  [27400/37691] 164,356,548 decided  6,844/s  400.2m
  [27600/37691] 165,106,152 decided  6,837/s  402.5m
  [27800/37691] 165,888,832 decided  6,813/s  405.8m
  [28000/37691] 166,714,072 decided  6,796/s  408.8m
  [28200/37691] 167,463,676 decided  6,785/s  411.3m
  [28400/37691] 168,315,116 decided  6,765/s  414.6m
  [28600/37691] 169,064,720 decided  6,754/s  417.2m
  [28800/37691] 169,814,324 decided  6,733/s  420.4m
  [29000/37691] 171,390,128 decided  6,687/s  427.2m
  [29200/37691] 173,158,092 decided  6,680/s  432.1m
  [29400/37691] 173,907,696 decided  6,671/s  434.5m
  [29600/37691] 174,759,136 decided  6,657/s  437.5m
  [29800/37691] 175,508,740 decided  6,647/s  440.1m
  [30000/37691] 176,360,180 decided  6,619/s  444.1m
  [30200/37691] 177,109,784 decided  6,620/s  445.9m
  [30400/37691] 177,859,388 decided  6,598/s  449.3m
  [30600/37691] 178,710,828 decided  6,577/s  452.9m
  [30800/37691] 179,460,432 decided  6,570/s  455.3m
  [31000/37691] 180,284,368 decided  6,537/s  459.6m
  [31200/37691] 181,934,504 decided  6,508/s  465.9m
  [31400/37691] 183,553,804 decided  6,502/s  470.5m
  [31600/37691] 184,370,864 decided  6,481/s  474.1m
  [31800/37691] 185,154,848 decided  6,480/s  476.2m
  [32000/37691] 185,904,452 decided  6,469/s  478.9m
  [32200/37691] 186,755,892 decided  6,447/s  482.8m
  [32400/37691] 187,505,496 decided  6,438/s  485.4m
  [32600/37691] 188,255,100 decided  6,420/s  488.7m
  [32800/37691] 189,106,540 decided  6,397/s  492.7m
  [33000/37691] 189,856,144 decided  6,390/s  495.2m
  [33200/37691] 190,707,584 decided  6,362/s  499.6m
  [33400/37691] 192,452,680 decided  6,341/s  505.8m
  [33600/37691] 193,949,516 decided  6,333/s  510.5m
  [33800/37691] 194,800,956 decided  6,314/s  514.2m
  [34000/37691] 195,550,560 decided  6,306/s  516.8m
  [34200/37691] 196,307,040 decided  6,300/s  519.3m
  [34400/37691] 197,158,480 decided  6,281/s  523.1m
  [34600/37691] 197,908,084 decided  6,265/s  526.5m
  [34800/37691] 198,759,524 decided  6,235/s  531.3m
  [35000/37691] 199,509,128 decided  6,233/s  533.4m
  [35200/37691] 200,258,732 decided  6,216/s  537.0m
  [35400/37691] 201,110,172 decided  6,201/s  540.5m
  [35600/37691] 202,970,856 decided  6,183/s  547.1m
  [35800/37691] 204,352,104 decided  6,168/s  552.2m
  [36000/37691] 205,203,544 decided  6,156/s  555.6m
  [36200/37691] 205,953,148 decided  6,148/s  558.3m
  [36400/37691] 206,756,456 decided  6,126/s  562.5m
  [36600/37691] 207,554,192 decided  6,125/s  564.8m
  [36800/37691] 208,303,796 decided  6,110/s  568.2m
  [37000/37691] 209,155,236 decided  6,088/s  572.6m
  [37200/37691] 209,904,840 decided  6,078/s  575.5m
  [37400/37691] 210,654,444 decided  6,065/s  578.9m
  [37600/37691] 211,505,884 decided  6,049/s  582.7m
  [37691/37691] 211,799,312 decided  6,047/s  583.7m

211,799,312 self-dual candidates decided in 583.7 min
=> no self-dual permutation of length 18 ending in 1 is unsortable by 3 stacks in series
   so if the shortest witness has length 18, the basis at that length contains no
   self-dual element, and therefore has even size (D pairs it up).
