self-test: enumeration reproduces PV-21 and the involution counts 1,2,4,10,26,76,232,764
length 17: sweeping self-dual permutations ending in 1 (= I(16) of them) in 27940 work units on 12 workers
  [20/27940] checked 661,176  1,578/s  elapsed 7.0m
  [40/27940] checked 903,496  2,156/s  elapsed 7.0m
  [60/27940] checked 1,119,616  2,672/s  elapsed 7.0m
  [80/27940] checked 1,361,936  3,250/s  elapsed 7.0m
  [100/27940] checked 1,604,256  3,570/s  elapsed 7.5m
  [120/27940] checked 1,820,376  3,753/s  elapsed 8.1m
  [140/27940] checked 2,062,696  3,616/s  elapsed 9.5m
  [160/27940] checked 2,305,016  3,808/s  elapsed 10.1m
  [180/27940] checked 2,521,136  3,841/s  elapsed 10.9m
  [200/27940] checked 2,594,164  3,952/s  elapsed 10.9m
  [220/27940] checked 2,660,316  4,053/s  elapsed 10.9m
  [240/27940] checked 2,726,468  4,153/s  elapsed 10.9m
  [260/27940] checked 2,792,620  4,218/s  elapsed 11.0m
  [280/27940] checked 2,851,896  4,278/s  elapsed 11.1m
  [300/27940] checked 2,918,048  4,136/s  elapsed 11.8m
  [320/27940] checked 3,051,656  4,172/s  elapsed 12.2m
  [340/27940] checked 3,152,188  4,283/s  elapsed 12.3m
  [360/27940] checked 3,218,340  4,220/s  elapsed 12.7m
  [380/27940] checked 3,277,616  4,298/s  elapsed 12.7m
  [400/27940] checked 3,343,768  4,280/s  elapsed 13.0m
  [420/27940] checked 3,409,920  4,302/s  elapsed 13.2m
  [440/27940] checked 3,476,072  4,288/s  elapsed 13.5m
  [460/27940] checked 3,582,176  4,033/s  elapsed 14.8m
  [480/27940] checked 3,703,336  4,170/s  elapsed 14.8m
  [500/27940] checked 3,769,488  4,244/s  elapsed 14.8m
  [520/27940] checked 3,835,640  4,319/s  elapsed 14.8m
  [540/27940] checked 3,901,792  4,378/s  elapsed 14.9m
  [560/27940] checked 3,967,944  4,403/s  elapsed 15.0m
  [580/27940] checked 4,034,096  4,396/s  elapsed 15.3m
  [600/27940] checked 4,093,372  4,354/s  elapsed 15.7m
  [620/27940] checked 4,261,360  4,209/s  elapsed 16.9m
  [640/27940] checked 4,327,512  4,274/s  elapsed 16.9m
  [660/27940] checked 4,393,664  4,339/s  elapsed 16.9m
  [680/27940] checked 4,459,816  4,405/s  elapsed 16.9m
  [700/27940] checked 4,519,092  4,463/s  elapsed 16.9m
  [720/27940] checked 4,585,244  4,441/s  elapsed 17.2m
  [740/27940] checked 4,651,396  4,505/s  elapsed 17.2m
  [760/27940] checked 4,819,384  4,275/s  elapsed 18.8m
  [780/27940] checked 4,885,536  4,333/s  elapsed 18.8m
  [800/27940] checked 4,944,812  4,386/s  elapsed 18.8m
  [820/27940] checked 5,010,964  4,445/s  elapsed 18.8m
  [840/27940] checked 5,077,116  4,464/s  elapsed 19.0m
  [860/27940] checked 5,143,268  4,498/s  elapsed 19.1m
  [880/27940] checked 5,209,420  4,508/s  elapsed 19.3m
  [900/27940] checked 5,363,656  4,460/s  elapsed 20.0m
  [920/27940] checked 5,436,684  4,521/s  elapsed 20.0m
  [940/27940] checked 5,502,836  4,576/s  elapsed 20.0m
  [960/27940] checked 5,568,988  4,591/s  elapsed 20.2m
  [980/27940] checked 5,635,140  4,594/s  elapsed 20.4m
  [1000/27940] checked 5,694,416  4,528/s  elapsed 21.0m
  [1020/27940] checked 5,760,568  4,580/s  elapsed 21.0m
  [1040/27940] checked 5,894,176  4,528/s  elapsed 21.7m
  [1060/27940] checked 5,994,708  4,605/s  elapsed 21.7m
  [1080/27940] checked 6,060,860  4,656/s  elapsed 21.7m
  [1100/27940] checked 6,120,136  4,699/s  elapsed 21.7m
  [1120/27940] checked 6,186,288  4,669/s  elapsed 22.1m
  [1140/27940] checked 6,252,440  4,676/s  elapsed 22.3m
  [1160/27940] checked 6,318,592  4,662/s  elapsed 22.6m
  [1180/27940] checked 6,424,696  4,502/s  elapsed 23.8m
  [1200/27940] checked 6,545,856  4,587/s  elapsed 23.8m
  [1220/27940] checked 6,612,008  4,633/s  elapsed 23.8m
  [1240/27940] checked 6,678,160  4,680/s  elapsed 23.8m
  [1260/27940] checked 6,744,312  4,726/s  elapsed 23.8m
  [1280/27940] checked 6,810,464  4,706/s  elapsed 24.1m
  [1300/27940] checked 6,876,616  4,713/s  elapsed 24.3m
  [1320/27940] checked 6,935,892  4,731/s  elapsed 24.4m
  [1340/27940] checked 7,103,880  4,658/s  elapsed 25.4m
  [1360/27940] checked 7,170,032  4,701/s  elapsed 25.4m
  [1380/27940] checked 7,236,184  4,738/s  elapsed 25.5m
  [1400/27940] checked 7,302,336  4,741/s  elapsed 25.7m
  [1420/27940] checked 7,361,612  4,751/s  elapsed 25.8m
  [1440/27940] checked 7,427,764  4,727/s  elapsed 26.2m
  [1460/27940] checked 7,493,916  4,743/s  elapsed 26.3m
  [1480/27940] checked 7,661,904  4,641/s  elapsed 27.5m
  [1500/27940] checked 7,728,056  4,681/s  elapsed 27.5m
  [1520/27940] checked 7,787,332  4,717/s  elapsed 27.5m
  [1540/27940] checked 7,853,484  4,749/s  elapsed 27.6m
  [1560/27940] checked 7,919,636  4,738/s  elapsed 27.9m
  [1580/27940] checked 7,985,788  4,704/s  elapsed 28.3m
  [1600/27940] checked 8,051,940  4,709/s  elapsed 28.5m
  [1620/27940] checked 8,206,176  4,619/s  elapsed 29.6m
  [1640/27940] checked 8,279,204  4,660/s  elapsed 29.6m
  [1660/27940] checked 8,345,356  4,697/s  elapsed 29.6m
  [1680/27940] checked 8,411,508  4,706/s  elapsed 29.8m
  [1700/27940] checked 8,477,660  4,710/s  elapsed 30.0m
  [1720/27940] checked 8,536,936  4,712/s  elapsed 30.2m
  [1740/27940] checked 8,603,088  4,710/s  elapsed 30.4m
  [1760/27940] checked 8,736,696  4,538/s  elapsed 32.1m
  [1780/27940] checked 8,837,228  4,590/s  elapsed 32.1m
  [1800/27940] checked 8,903,380  4,624/s  elapsed 32.1m
  [1820/27940] checked 8,962,656  4,655/s  elapsed 32.1m
  [1840/27940] checked 9,028,808  4,689/s  elapsed 32.1m
  [1860/27940] checked 9,094,960  4,661/s  elapsed 32.5m
  [1880/27940] checked 9,161,112  4,684/s  elapsed 32.6m
  [1900/27940] checked 9,267,216  4,506/s  elapsed 34.3m
  [1920/27940] checked 9,388,376  4,565/s  elapsed 34.3m
  [1940/27940] checked 9,454,528  4,597/s  elapsed 34.3m
  [1960/27940] checked 9,520,680  4,630/s  elapsed 34.3m
  [1980/27940] checked 9,586,832  4,643/s  elapsed 34.4m
  [2000/27940] checked 9,652,984  4,633/s  elapsed 34.7m
  [2020/27940] checked 9,719,136  4,637/s  elapsed 34.9m
  [2040/27940] checked 9,778,412  4,633/s  elapsed 35.2m
  [2060/27940] checked 9,946,400  4,542/s  elapsed 36.5m
  [2080/27940] checked 10,012,552  4,573/s  elapsed 36.5m
  [2100/27940] checked 10,078,704  4,603/s  elapsed 36.5m
  [2120/27940] checked 10,144,856  4,633/s  elapsed 36.5m
  [2140/27940] checked 10,204,132  4,645/s  elapsed 36.6m
  [2160/27940] checked 10,270,284  4,627/s  elapsed 37.0m
  [2180/27940] checked 10,336,436  4,623/s  elapsed 37.3m
  [2200/27940] checked 10,504,424  4,543/s  elapsed 38.5m
  [2220/27940] checked 10,570,576  4,572/s  elapsed 38.5m
  [2240/27940] checked 10,629,852  4,598/s  elapsed 38.5m
  [2260/27940] checked 10,696,004  4,626/s  elapsed 38.5m
  [2280/27940] checked 10,762,156  4,632/s  elapsed 38.7m
  [2300/27940] checked 10,828,308  4,646/s  elapsed 38.8m
  [2320/27940] checked 10,894,460  4,654/s  elapsed 39.0m
  [2340/27940] checked 10,953,736  4,657/s  elapsed 39.2m
  [2360/27940] checked 10,972,728  4,665/s  elapsed 39.2m
  [2380/27940] checked 10,991,720  4,673/s  elapsed 39.2m
  [2400/27940] checked 11,010,712  4,681/s  elapsed 39.2m
  [2420/27940] checked 11,029,704  4,685/s  elapsed 39.2m
  [2440/27940] checked 11,048,696  4,689/s  elapsed 39.3m
  [2460/27940] checked 11,091,268  4,671/s  elapsed 39.6m
  [2480/27940] checked 11,112,116  4,680/s  elapsed 39.6m
  [2500/27940] checked 11,131,108  4,688/s  elapsed 39.6m
  [2520/27940] checked 11,150,100  4,685/s  elapsed 39.7m
  [2540/27940] checked 11,169,092  4,693/s  elapsed 39.7m
  [2560/27940] checked 11,188,084  4,693/s  elapsed 39.7m
  [2580/27940] checked 11,228,800  4,667/s  elapsed 40.1m
  [2600/27940] checked 11,251,504  4,676/s  elapsed 40.1m
  [2620/27940] checked 11,270,496  4,684/s  elapsed 40.1m
  [2640/27940] checked 11,289,488  4,692/s  elapsed 40.1m
  [2660/27940] checked 11,308,480  4,697/s  elapsed 40.1m
  [2680/27940] checked 11,327,472  4,691/s  elapsed 40.2m
  [2700/27940] checked 11,366,332  4,684/s  elapsed 40.4m
  [2720/27940] checked 11,390,892  4,694/s  elapsed 40.4m
  [2740/27940] checked 11,409,884  4,700/s  elapsed 40.5m
  [2760/27940] checked 11,428,876  4,707/s  elapsed 40.5m
  [2780/27940] checked 11,447,868  4,702/s  elapsed 40.6m
  [2800/27940] checked 11,466,860  4,702/s  elapsed 40.6m
  [2820/27940] checked 11,503,864  4,667/s  elapsed 41.1m
  [2840/27940] checked 11,530,280  4,678/s  elapsed 41.1m
  [2860/27940] checked 11,549,272  4,685/s  elapsed 41.1m
  [2880/27940] checked 11,568,264  4,693/s  elapsed 41.1m
  [2900/27940] checked 11,587,256  4,701/s  elapsed 41.1m
  [2920/27940] checked 11,606,248  4,700/s  elapsed 41.2m
  [2940/27940] checked 11,641,396  4,679/s  elapsed 41.5m
  [2960/27940] checked 11,669,668  4,691/s  elapsed 41.5m
  [2980/27940] checked 11,688,660  4,698/s  elapsed 41.5m
  [3000/27940] checked 11,707,652  4,704/s  elapsed 41.5m
  [3020/27940] checked 11,726,644  4,696/s  elapsed 41.6m
  [3040/27940] checked 11,745,636  4,694/s  elapsed 41.7m
  [3060/27940] checked 11,778,928  4,667/s  elapsed 42.1m
  [3080/27940] checked 11,809,056  4,679/s  elapsed 42.1m
  [3100/27940] checked 11,828,048  4,687/s  elapsed 42.1m
  [3120/27940] checked 11,847,040  4,694/s  elapsed 42.1m
  [3140/27940] checked 11,866,032  4,700/s  elapsed 42.1m
  [3160/27940] checked 11,885,024  4,701/s  elapsed 42.1m
  [3180/27940] checked 11,916,460  4,683/s  elapsed 42.4m
  [3200/27940] checked 11,948,444  4,695/s  elapsed 42.4m
  [3220/27940] checked 11,967,436  4,703/s  elapsed 42.4m
  [3240/27940] checked 11,986,428  4,708/s  elapsed 42.4m
  [3260/27940] checked 12,005,420  4,711/s  elapsed 42.5m
  [3280/27940] checked 12,024,412  4,708/s  elapsed 42.6m
  [3300/27940] checked 12,053,992  4,682/s  elapsed 42.9m
  [3320/27940] checked 12,087,832  4,695/s  elapsed 42.9m
  [3340/27940] checked 12,106,824  4,701/s  elapsed 42.9m
  [3360/27940] checked 12,125,816  4,702/s  elapsed 43.0m
  [3380/27940] checked 12,144,808  4,699/s  elapsed 43.1m
  [3400/27940] checked 12,163,800  4,697/s  elapsed 43.2m
  [3420/27940] checked 12,191,524  4,672/s  elapsed 43.5m
  [3440/27940] checked 12,227,220  4,686/s  elapsed 43.5m
  [3460/27940] checked 12,246,212  4,693/s  elapsed 43.5m
  [3480/27940] checked 12,265,204  4,697/s  elapsed 43.5m
  [3500/27940] checked 12,284,196  4,696/s  elapsed 43.6m
  [3520/27940] checked 12,303,188  4,697/s  elapsed 43.7m
  [3540/27940] checked 12,329,056  4,672/s  elapsed 44.0m
  [3560/27940] checked 12,364,752  4,685/s  elapsed 44.0m
  [3580/27940] checked 12,383,744  4,693/s  elapsed 44.0m
  [3600/27940] checked 12,402,736  4,700/s  elapsed 44.0m
  [3620/27940] checked 12,421,728  4,692/s  elapsed 44.1m
  [3640/27940] checked 12,440,720  4,693/s  elapsed 44.2m
  [3660/27940] checked 12,459,712  4,691/s  elapsed 44.3m
  [3680/27940] checked 12,504,140  4,678/s  elapsed 44.6m
  [3700/27940] checked 12,523,132  4,685/s  elapsed 44.6m
  [3720/27940] checked 12,542,124  4,689/s  elapsed 44.6m
  [3740/27940] checked 12,561,116  4,683/s  elapsed 44.7m
  [3760/27940] checked 12,580,108  4,688/s  elapsed 44.7m
  [3780/27940] checked 12,599,100  4,690/s  elapsed 44.8m
  [3800/27940] checked 12,643,528  4,658/s  elapsed 45.2m
  [3820/27940] checked 12,662,520  4,665/s  elapsed 45.2m
  [3840/27940] checked 12,681,512  4,672/s  elapsed 45.2m
  [3860/27940] checked 12,700,504  4,679/s  elapsed 45.2m
  [3880/27940] checked 12,719,496  4,686/s  elapsed 45.2m
  [3900/27940] checked 12,738,488  4,684/s  elapsed 45.3m
  [3920/27940] checked 12,902,764  4,577/s  elapsed 47.0m
  [3940/27940] checked 12,968,916  4,600/s  elapsed 47.0m
  [3960/27940] checked 13,035,068  4,624/s  elapsed 47.0m
  [3980/27940] checked 13,094,344  4,645/s  elapsed 47.0m
  [4000/27940] checked 13,160,496  4,668/s  elapsed 47.0m
  [4020/27940] checked 13,226,648  4,667/s  elapsed 47.2m
  [4040/27940] checked 13,292,800  4,678/s  elapsed 47.4m
  [4060/27940] checked 13,348,364  4,688/s  elapsed 47.5m
  [4080/27940] checked 13,367,356  4,694/s  elapsed 47.5m
  [4100/27940] checked 13,386,348  4,701/s  elapsed 47.5m
  [4120/27940] checked 13,405,340  4,701/s  elapsed 47.5m
  [4140/27940] checked 13,424,332  4,705/s  elapsed 47.6m
  [4160/27940] checked 13,443,324  4,699/s  elapsed 47.7m
  [4180/27940] checked 13,487,752  4,682/s  elapsed 48.0m
  [4200/27940] checked 13,506,744  4,688/s  elapsed 48.0m
  [4220/27940] checked 13,525,736  4,695/s  elapsed 48.0m
  [4240/27940] checked 13,544,728  4,695/s  elapsed 48.1m
  [4260/27940] checked 13,563,720  4,701/s  elapsed 48.1m
  [4280/27940] checked 13,582,712  4,696/s  elapsed 48.2m
  [4300/27940] checked 13,627,140  4,673/s  elapsed 48.6m
  [4320/27940] checked 13,646,132  4,680/s  elapsed 48.6m
  [4340/27940] checked 13,665,124  4,686/s  elapsed 48.6m
  [4360/27940] checked 13,684,116  4,693/s  elapsed 48.6m
  [4380/27940] checked 13,703,108  4,695/s  elapsed 48.6m
  [4400/27940] checked 13,722,100  4,697/s  elapsed 48.7m
  [4420/27940] checked 13,764,672  4,689/s  elapsed 48.9m
  [4440/27940] checked 13,783,664  4,696/s  elapsed 48.9m
  [4460/27940] checked 13,802,656  4,701/s  elapsed 48.9m
  [4480/27940] checked 13,821,648  4,703/s  elapsed 49.0m
  [4500/27940] checked 13,840,640  4,698/s  elapsed 49.1m
  [4520/27940] checked 13,859,632  4,701/s  elapsed 49.1m
  [4540/27940] checked 13,902,204  4,686/s  elapsed 49.4m
  [4560/27940] checked 13,923,052  4,693/s  elapsed 49.4m
  [4580/27940] checked 13,942,044  4,700/s  elapsed 49.4m
  [4600/27940] checked 13,961,036  4,706/s  elapsed 49.4m
  [4620/27940] checked 13,980,028  4,707/s  elapsed 49.5m
  [4640/27940] checked 13,999,020  4,706/s  elapsed 49.6m
  [4660/27940] checked 14,039,736  4,692/s  elapsed 49.9m
  [4680/27940] checked 14,062,440  4,700/s  elapsed 49.9m
  [4700/27940] checked 14,081,432  4,706/s  elapsed 49.9m
  [4720/27940] checked 14,100,424  4,710/s  elapsed 49.9m
  [4740/27940] checked 14,119,416  4,706/s  elapsed 50.0m
  [4760/27940] checked 14,138,408  4,707/s  elapsed 50.1m
  [4780/27940] checked 14,177,268  4,687/s  elapsed 50.4m
  [4800/27940] checked 14,201,828  4,695/s  elapsed 50.4m
  [4820/27940] checked 14,220,820  4,702/s  elapsed 50.4m
  [4840/27940] checked 14,239,812  4,708/s  elapsed 50.4m
  [4860/27940] checked 14,258,804  4,708/s  elapsed 50.5m
  [4880/27940] checked 14,277,796  4,708/s  elapsed 50.5m
  [4900/27940] checked 14,314,800  4,694/s  elapsed 50.8m
  [4920/27940] checked 14,341,216  4,703/s  elapsed 50.8m
  [4940/27940] checked 14,360,208  4,706/s  elapsed 50.9m
  [4960/27940] checked 14,379,200  4,707/s  elapsed 50.9m
  [4980/27940] checked 14,398,192  4,702/s  elapsed 51.0m
  [5000/27940] checked 14,417,184  4,703/s  elapsed 51.1m
  [5020/27940] checked 14,452,332  4,675/s  elapsed 51.5m
  [5040/27940] checked 14,480,604  4,684/s  elapsed 51.5m
  [5060/27940] checked 14,499,596  4,690/s  elapsed 51.5m
  [5080/27940] checked 14,518,588  4,696/s  elapsed 51.5m
  [5100/27940] checked 14,537,580  4,699/s  elapsed 51.6m
  [5120/27940] checked 14,556,572  4,697/s  elapsed 51.7m
  [5140/27940] checked 14,589,864  4,676/s  elapsed 52.0m
  [5160/27940] checked 14,619,992  4,685/s  elapsed 52.0m
  [5180/27940] checked 14,638,984  4,691/s  elapsed 52.0m
  [5200/27940] checked 14,657,976  4,689/s  elapsed 52.1m
  [5220/27940] checked 14,676,968  4,691/s  elapsed 52.1m
  [5240/27940] checked 14,695,960  4,688/s  elapsed 52.2m
  [5260/27940] checked 14,727,396  4,664/s  elapsed 52.6m
  [5280/27940] checked 14,759,380  4,674/s  elapsed 52.6m
  [5300/27940] checked 14,778,372  4,680/s  elapsed 52.6m
  [5320/27940] checked 14,797,364  4,685/s  elapsed 52.6m
  [5340/27940] checked 14,816,356  4,685/s  elapsed 52.7m
  [5360/27940] checked 14,835,348  4,681/s  elapsed 52.8m
  [5380/27940] checked 14,864,928  4,657/s  elapsed 53.2m
  [5400/27940] checked 14,898,768  4,668/s  elapsed 53.2m
  [5420/27940] checked 14,917,760  4,674/s  elapsed 53.2m
  [5440/27940] checked 14,936,752  4,680/s  elapsed 53.2m
  [5460/27940] checked 14,955,744  4,682/s  elapsed 53.2m
  [5480/27940] checked 14,974,736  4,680/s  elapsed 53.3m
  [5500/27940] checked 15,002,460  4,652/s  elapsed 53.8m
  [5520/27940] checked 15,038,156  4,663/s  elapsed 53.8m
  [5540/27940] checked 15,057,148  4,669/s  elapsed 53.8m
  [5560/27940] checked 15,076,140  4,668/s  elapsed 53.8m
  [5580/27940] checked 15,095,132  4,669/s  elapsed 53.9m
  [5600/27940] checked 15,114,124  4,664/s  elapsed 54.0m
  [5620/27940] checked 15,166,192  4,580/s  elapsed 55.2m
  [5640/27940] checked 15,301,104  4,621/s  elapsed 55.2m
  [5660/27940] checked 15,367,256  4,641/s  elapsed 55.2m
  [5680/27940] checked 15,433,408  4,661/s  elapsed 55.2m
  [5700/27940] checked 15,499,560  4,657/s  elapsed 55.5m
  [5720/27940] checked 15,565,712  4,668/s  elapsed 55.6m
  [5740/27940] checked 15,624,988  4,668/s  elapsed 55.8m
  [5760/27940] checked 15,691,140  4,669/s  elapsed 56.0m
  [5780/27940] checked 15,741,136  4,677/s  elapsed 56.1m
  [5800/27940] checked 15,760,128  4,683/s  elapsed 56.1m
  [5820/27940] checked 15,779,120  4,683/s  elapsed 56.2m
  [5840/27940] checked 15,798,112  4,681/s  elapsed 56.2m
  [5860/27940] checked 15,817,104  4,684/s  elapsed 56.3m
  [5880/27940] checked 15,836,096  4,685/s  elapsed 56.3m
  [5900/27940] checked 15,880,524  4,672/s  elapsed 56.7m
  [5920/27940] checked 15,899,516  4,677/s  elapsed 56.7m
  [5940/27940] checked 15,918,508  4,683/s  elapsed 56.7m
  [5960/27940] checked 15,937,500  4,688/s  elapsed 56.7m
  [5980/27940] checked 15,956,492  4,687/s  elapsed 56.7m
  [6000/27940] checked 15,975,484  4,691/s  elapsed 56.8m
  [6020/27940] checked 16,019,912  4,677/s  elapsed 57.1m
  [6040/27940] checked 16,038,904  4,683/s  elapsed 57.1m
  [6060/27940] checked 16,057,896  4,688/s  elapsed 57.1m
  [6080/27940] checked 16,076,888  4,693/s  elapsed 57.1m
  [6100/27940] checked 16,095,880  4,690/s  elapsed 57.2m
  [6120/27940] checked 16,114,872  4,691/s  elapsed 57.3m
  [6140/27940] checked 16,159,300  4,676/s  elapsed 57.6m
  [6160/27940] checked 16,178,292  4,681/s  elapsed 57.6m
  [6180/27940] checked 16,197,284  4,687/s  elapsed 57.6m
  [6200/27940] checked 16,216,276  4,689/s  elapsed 57.6m
  [6220/27940] checked 16,235,268  4,688/s  elapsed 57.7m
  [6240/27940] checked 16,254,260  4,688/s  elapsed 57.8m
  [6260/27940] checked 16,298,688  4,678/s  elapsed 58.1m
  [6280/27940] checked 16,317,680  4,683/s  elapsed 58.1m
  [6300/27940] checked 16,336,672  4,689/s  elapsed 58.1m
  [6320/27940] checked 16,355,664  4,694/s  elapsed 58.1m
  [6340/27940] checked 16,374,656  4,695/s  elapsed 58.1m
  [6360/27940] checked 16,393,648  4,698/s  elapsed 58.2m
  [6380/27940] checked 16,438,076  4,685/s  elapsed 58.5m
  [6400/27940] checked 16,457,068  4,691/s  elapsed 58.5m
  [6420/27940] checked 16,476,060  4,696/s  elapsed 58.5m
  [6440/27940] checked 16,495,052  4,701/s  elapsed 58.5m
  [6460/27940] checked 16,514,044  4,701/s  elapsed 58.6m
  [6480/27940] checked 16,533,036  4,696/s  elapsed 58.7m
  [6500/27940] checked 16,575,608  4,693/s  elapsed 58.9m
  [6520/27940] checked 16,594,600  4,698/s  elapsed 58.9m
  [6540/27940] checked 16,613,592  4,704/s  elapsed 58.9m
  [6560/27940] checked 16,632,584  4,704/s  elapsed 58.9m
  [6580/27940] checked 16,651,576  4,698/s  elapsed 59.1m
  [6600/27940] checked 16,670,568  4,699/s  elapsed 59.1m
  [6620/27940] checked 16,713,140  4,691/s  elapsed 59.4m
  [6640/27940] checked 16,733,988  4,697/s  elapsed 59.4m
  [6660/27940] checked 16,752,980  4,702/s  elapsed 59.4m
  [6680/27940] checked 16,771,972  4,704/s  elapsed 59.4m
  [6700/27940] checked 16,790,964  4,700/s  elapsed 59.5m
  [6720/27940] checked 16,809,956  4,696/s  elapsed 59.7m
  [6740/27940] checked 16,850,672  4,676/s  elapsed 60.1m
  [6760/27940] checked 16,873,376  4,682/s  elapsed 60.1m
  [6780/27940] checked 16,892,368  4,687/s  elapsed 60.1m
  [6800/27940] checked 16,911,360  4,691/s  elapsed 60.1m
  [6820/27940] checked 16,930,352  4,691/s  elapsed 60.2m
  [6840/27940] checked 16,949,344  4,688/s  elapsed 60.3m
  [6860/27940] checked 16,988,204  4,665/s  elapsed 60.7m
  [6880/27940] checked 17,012,764  4,672/s  elapsed 60.7m
  [6900/27940] checked 17,031,756  4,677/s  elapsed 60.7m
  [6920/27940] checked 17,050,748  4,682/s  elapsed 60.7m
  [6940/27940] checked 17,069,740  4,682/s  elapsed 60.8m
  [6960/27940] checked 17,088,732  4,687/s  elapsed 60.8m
  [6980/27940] checked 17,125,736  4,654/s  elapsed 61.3m
  [7000/27940] checked 17,152,152  4,661/s  elapsed 61.3m
  [7020/27940] checked 17,171,144  4,666/s  elapsed 61.3m
  [7040/27940] checked 17,190,136  4,671/s  elapsed 61.3m
  [7060/27940] checked 17,209,128  4,676/s  elapsed 61.3m
  [7080/27940] checked 17,228,120  4,676/s  elapsed 61.4m
  [7100/27940] checked 17,263,268  4,653/s  elapsed 61.8m
  [7120/27940] checked 17,291,540  4,660/s  elapsed 61.8m
  [7140/27940] checked 17,310,532  4,665/s  elapsed 61.8m
  [7160/27940] checked 17,329,524  4,667/s  elapsed 61.9m
  [7180/27940] checked 17,348,516  4,665/s  elapsed 62.0m
  [7200/27940] checked 17,367,508  4,664/s  elapsed 62.1m
  [7220/27940] checked 17,400,800  4,643/s  elapsed 62.5m
  [7240/27940] checked 17,430,928  4,651/s  elapsed 62.5m
  [7260/27940] checked 17,449,920  4,656/s  elapsed 62.5m
  [7280/27940] checked 17,468,912  4,661/s  elapsed 62.5m
  [7300/27940] checked 17,487,904  4,660/s  elapsed 62.6m
  [7320/27940] checked 17,506,896  4,663/s  elapsed 62.6m
  [7340/27940] checked 17,585,160  4,581/s  elapsed 64.0m
  [7360/27940] checked 17,706,320  4,612/s  elapsed 64.0m
  [7380/27940] checked 17,765,596  4,628/s  elapsed 64.0m
  [7400/27940] checked 17,831,748  4,645/s  elapsed 64.0m
  [7420/27940] checked 17,897,900  4,662/s  elapsed 64.0m
  [7440/27940] checked 17,964,052  4,656/s  elapsed 64.3m
  [7460/27940] checked 18,030,204  4,657/s  elapsed 64.5m
  [7480/27940] checked 18,089,480  4,662/s  elapsed 64.7m
  [7500/27940] checked 18,133,908  4,673/s  elapsed 64.7m
  [7520/27940] checked 18,152,900  4,676/s  elapsed 64.7m
  [7540/27940] checked 18,171,892  4,677/s  elapsed 64.8m
  [7560/27940] checked 18,190,884  4,677/s  elapsed 64.8m
  [7580/27940] checked 18,209,876  4,673/s  elapsed 64.9m
  [7600/27940] checked 18,228,868  4,674/s  elapsed 65.0m
  [7620/27940] checked 18,273,296  4,668/s  elapsed 65.2m
  [7640/27940] checked 18,292,288  4,673/s  elapsed 65.2m
  [7660/27940] checked 18,311,280  4,677/s  elapsed 65.3m
  [7680/27940] checked 18,330,272  4,676/s  elapsed 65.3m
  [7700/27940] checked 18,349,264  4,680/s  elapsed 65.3m
  [7720/27940] checked 18,368,256  4,679/s  elapsed 65.4m
  [7740/27940] checked 18,412,684  4,670/s  elapsed 65.7m
  [7760/27940] checked 18,431,676  4,675/s  elapsed 65.7m
  [7780/27940] checked 18,450,668  4,680/s  elapsed 65.7m
  [7800/27940] checked 18,469,660  4,682/s  elapsed 65.7m
  [7820/27940] checked 18,488,652  4,684/s  elapsed 65.8m
  [7840/27940] checked 18,507,644  4,682/s  elapsed 65.9m
  [7860/27940] checked 18,552,072  4,684/s  elapsed 66.0m
  [7880/27940] checked 18,571,064  4,689/s  elapsed 66.0m
  [7900/27940] checked 18,590,056  4,687/s  elapsed 66.1m
  [7920/27940] checked 18,609,048  4,686/s  elapsed 66.2m
  [7940/27940] checked 18,628,040  4,687/s  elapsed 66.2m
  [7960/27940] checked 18,647,032  4,688/s  elapsed 66.3m
  [7980/27940] checked 18,691,460  4,675/s  elapsed 66.6m
  [8000/27940] checked 18,710,452  4,680/s  elapsed 66.6m
  [8020/27940] checked 18,729,444  4,685/s  elapsed 66.6m
  [8040/27940] checked 18,748,436  4,689/s  elapsed 66.6m
  [8060/27940] checked 18,767,428  4,690/s  elapsed 66.7m
  [8080/27940] checked 18,786,420  4,693/s  elapsed 66.7m
  [8100/27940] checked 18,830,848  4,674/s  elapsed 67.2m
  [8120/27940] checked 18,849,840  4,678/s  elapsed 67.2m
  [8140/27940] checked 18,868,832  4,683/s  elapsed 67.2m
  [8160/27940] checked 18,887,824  4,688/s  elapsed 67.2m
  [8180/27940] checked 18,906,816  4,693/s  elapsed 67.2m
  [8200/27940] checked 18,925,808  4,694/s  elapsed 67.2m
  [8220/27940] checked 18,970,236  4,689/s  elapsed 67.4m
  [8240/27940] checked 18,989,228  4,693/s  elapsed 67.4m
  [8260/27940] checked 19,008,220  4,697/s  elapsed 67.4m
  [8280/27940] checked 19,027,212  4,694/s  elapsed 67.6m
  [8300/27940] checked 19,046,204  4,695/s  elapsed 67.6m
  [8320/27940] checked 19,065,196  4,693/s  elapsed 67.7m
  [8340/27940] checked 19,109,624  4,680/s  elapsed 68.1m
  [8360/27940] checked 19,128,616  4,684/s  elapsed 68.1m
  [8380/27940] checked 19,147,608  4,689/s  elapsed 68.1m
  [8400/27940] checked 19,166,600  4,692/s  elapsed 68.1m
  [8420/27940] checked 19,185,592  4,682/s  elapsed 68.3m
  [8440/27940] checked 19,204,584  4,684/s  elapsed 68.3m
  [8460/27940] checked 19,249,012  4,674/s  elapsed 68.6m
  [8480/27940] checked 19,268,004  4,677/s  elapsed 68.7m
  [8500/27940] checked 19,286,996  4,682/s  elapsed 68.7m
  [8520/27940] checked 19,305,988  4,681/s  elapsed 68.7m
  [8540/27940] checked 19,324,980  4,684/s  elapsed 68.8m
  [8560/27940] checked 19,343,972  4,681/s  elapsed 68.9m
  [8580/27940] checked 19,386,544  4,657/s  elapsed 69.4m
  [8600/27940] checked 19,405,536  4,661/s  elapsed 69.4m
  [8620/27940] checked 19,424,528  4,666/s  elapsed 69.4m
  [8640/27940] checked 19,443,520  4,670/s  elapsed 69.4m
  [8660/27940] checked 19,462,512  4,675/s  elapsed 69.4m
  [8680/27940] checked 19,481,504  4,670/s  elapsed 69.5m
  [8700/27940] checked 19,524,076  4,648/s  elapsed 70.0m
  [8720/27940] checked 19,544,924  4,653/s  elapsed 70.0m
  [8740/27940] checked 19,563,916  4,657/s  elapsed 70.0m
  [8760/27940] checked 19,582,908  4,662/s  elapsed 70.0m
  [8780/27940] checked 19,601,900  4,659/s  elapsed 70.1m
  [8800/27940] checked 19,620,892  4,655/s  elapsed 70.2m
  [8820/27940] checked 19,661,608  4,637/s  elapsed 70.7m
  [8840/27940] checked 19,684,312  4,642/s  elapsed 70.7m
  [8860/27940] checked 19,703,304  4,647/s  elapsed 70.7m
  [8880/27940] checked 19,722,296  4,651/s  elapsed 70.7m
  [8900/27940] checked 19,741,288  4,655/s  elapsed 70.7m
  [8920/27940] checked 19,760,280  4,654/s  elapsed 70.8m
  [8940/27940] checked 19,799,140  4,640/s  elapsed 71.1m
  [8960/27940] checked 19,823,700  4,646/s  elapsed 71.1m
  [8980/27940] checked 19,842,692  4,650/s  elapsed 71.1m
  [9000/27940] checked 19,861,684  4,655/s  elapsed 71.1m
  [9020/27940] checked 19,880,676  4,651/s  elapsed 71.2m
  [9040/27940] checked 19,899,668  4,652/s  elapsed 71.3m
  [9060/27940] checked 20,004,128  4,589/s  elapsed 72.6m
  [9080/27940] checked 20,104,660  4,612/s  elapsed 72.6m
  [9100/27940] checked 20,170,812  4,628/s  elapsed 72.6m
  [9120/27940] checked 20,230,088  4,641/s  elapsed 72.6m
  [9140/27940] checked 20,296,240  4,649/s  elapsed 72.8m
  [9160/27940] checked 20,362,392  4,647/s  elapsed 73.0m
  [9180/27940] checked 20,428,544  4,650/s  elapsed 73.2m
  [9200/27940] checked 20,494,696  4,646/s  elapsed 73.5m
  [9220/27940] checked 20,528,536  4,653/s  elapsed 73.5m
  [9240/27940] checked 20,547,528  4,658/s  elapsed 73.5m
  [9260/27940] checked 20,566,520  4,662/s  elapsed 73.5m
  [9280/27940] checked 20,585,512  4,663/s  elapsed 73.6m
  [9300/27940] checked 20,604,504  4,660/s  elapsed 73.7m
  [9320/27940] checked 20,632,228  4,650/s  elapsed 73.9m
  [9340/27940] checked 20,667,924  4,658/s  elapsed 73.9m
  [9360/27940] checked 20,686,916  4,663/s  elapsed 73.9m
  [9380/27940] checked 20,705,908  4,662/s  elapsed 74.0m
  [9400/27940] checked 20,724,900  4,664/s  elapsed 74.1m
  [9420/27940] checked 20,743,892  4,662/s  elapsed 74.2m
  [9440/27940] checked 20,769,760  4,656/s  elapsed 74.3m
  [9460/27940] checked 20,805,456  4,664/s  elapsed 74.3m
  [9480/27940] checked 20,824,448  4,668/s  elapsed 74.3m
  [9500/27940] checked 20,843,440  4,670/s  elapsed 74.4m
  [9520/27940] checked 20,862,432  4,668/s  elapsed 74.5m
  [9540/27940] checked 20,881,424  4,670/s  elapsed 74.5m
  [9560/27940] checked 20,900,416  4,668/s  elapsed 74.6m
  [9580/27940] checked 20,944,844  4,664/s  elapsed 74.8m
  [9600/27940] checked 20,963,836  4,668/s  elapsed 74.8m
  [9620/27940] checked 20,982,828  4,673/s  elapsed 74.8m
  [9640/27940] checked 21,001,820  4,671/s  elapsed 74.9m
  [9660/27940] checked 21,020,812  4,670/s  elapsed 75.0m
  [9680/27940] checked 21,039,804  4,672/s  elapsed 75.1m
  [9700/27940] checked 21,084,232  4,657/s  elapsed 75.5m
  [9720/27940] checked 21,103,224  4,661/s  elapsed 75.5m
  [9740/27940] checked 21,122,216  4,665/s  elapsed 75.5m
  [9760/27940] checked 21,141,208  4,669/s  elapsed 75.5m
  [9780/27940] checked 21,160,200  4,669/s  elapsed 75.5m
  [9800/27940] checked 21,179,192  4,672/s  elapsed 75.5m
  [9820/27940] checked 21,223,620  4,661/s  elapsed 75.9m
  [9840/27940] checked 21,242,612  4,665/s  elapsed 75.9m
  [9860/27940] checked 21,261,604  4,669/s  elapsed 75.9m
  [9880/27940] checked 21,280,596  4,673/s  elapsed 75.9m
  [9900/27940] checked 21,299,588  4,674/s  elapsed 76.0m
  [9920/27940] checked 21,318,580  4,670/s  elapsed 76.1m
  [9940/27940] checked 21,363,008  4,664/s  elapsed 76.3m
  [9960/27940] checked 21,382,000  4,668/s  elapsed 76.3m
  [9980/27940] checked 21,400,992  4,672/s  elapsed 76.3m
  [10000/27940] checked 21,419,984  4,676/s  elapsed 76.4m
  [10020/27940] checked 21,438,976  4,678/s  elapsed 76.4m
  [10040/27940] checked 21,457,968  4,674/s  elapsed 76.5m
  [10060/27940] checked 21,502,396  4,658/s  elapsed 76.9m
  [10080/27940] checked 21,521,388  4,662/s  elapsed 76.9m
  [10100/27940] checked 21,540,380  4,666/s  elapsed 76.9m
  [10120/27940] checked 21,559,372  4,670/s  elapsed 76.9m
  [10140/27940] checked 21,578,364  4,668/s  elapsed 77.0m
  [10160/27940] checked 21,597,356  4,672/s  elapsed 77.0m
  [10180/27940] checked 21,641,784  4,663/s  elapsed 77.4m
  [10200/27940] checked 21,660,776  4,667/s  elapsed 77.4m
  [10220/27940] checked 21,679,768  4,671/s  elapsed 77.4m
  [10240/27940] checked 21,698,760  4,675/s  elapsed 77.4m
  [10260/27940] checked 21,717,752  4,675/s  elapsed 77.4m
  [10280/27940] checked 21,736,744  4,677/s  elapsed 77.5m
  [10300/27940] checked 21,781,172  4,662/s  elapsed 77.9m
  [10320/27940] checked 21,800,164  4,666/s  elapsed 77.9m
  [10340/27940] checked 21,819,156  4,670/s  elapsed 77.9m
  [10360/27940] checked 21,838,148  4,673/s  elapsed 77.9m
  [10380/27940] checked 21,857,140  4,673/s  elapsed 78.0m
  [10400/27940] checked 21,876,132  4,673/s  elapsed 78.0m
  [10420/27940] checked 21,920,560  4,661/s  elapsed 78.4m
  [10440/27940] checked 21,939,552  4,665/s  elapsed 78.4m
  [10460/27940] checked 21,958,544  4,669/s  elapsed 78.4m
  [10480/27940] checked 21,977,536  4,673/s  elapsed 78.4m
  [10500/27940] checked 21,996,528  4,676/s  elapsed 78.4m
  [10520/27940] checked 22,015,520  4,673/s  elapsed 78.5m
  [10540/27940] checked 22,059,948  4,669/s  elapsed 78.7m
  [10560/27940] checked 22,078,940  4,673/s  elapsed 78.8m
  [10580/27940] checked 22,097,932  4,670/s  elapsed 78.9m
  [10600/27940] checked 22,116,924  4,668/s  elapsed 79.0m
  [10620/27940] checked 22,135,916  4,668/s  elapsed 79.0m
  [10640/27940] checked 22,154,908  4,668/s  elapsed 79.1m
  [10660/27940] checked 22,197,480  4,660/s  elapsed 79.4m
  [10680/27940] checked 22,216,472  4,664/s  elapsed 79.4m
  [10700/27940] checked 22,235,464  4,665/s  elapsed 79.4m
  [10720/27940] checked 22,254,456  4,668/s  elapsed 79.5m
  [10740/27940] checked 22,273,448  4,665/s  elapsed 79.6m
  [10760/27940] checked 22,292,440  4,665/s  elapsed 79.7m
  [10780/27940] checked 22,423,096  4,595/s  elapsed 81.3m
  [10800/27940] checked 22,503,000  4,612/s  elapsed 81.3m
  [10820/27940] checked 22,569,152  4,625/s  elapsed 81.3m
  [10840/27940] checked 22,635,304  4,639/s  elapsed 81.3m
  [10860/27940] checked 22,701,456  4,645/s  elapsed 81.5m
  [10880/27940] checked 22,760,732  4,656/s  elapsed 81.5m
  [10900/27940] checked 22,826,884  4,649/s  elapsed 81.8m
  [10920/27940] checked 22,893,036  4,647/s  elapsed 82.1m
  [10940/27940] checked 22,921,308  4,653/s  elapsed 82.1m
  [10960/27940] checked 22,940,300  4,655/s  elapsed 82.1m
  [10980/27940] checked 22,959,292  4,656/s  elapsed 82.2m
  [11000/27940] checked 22,978,284  4,653/s  elapsed 82.3m
  [11020/27940] checked 22,997,276  4,655/s  elapsed 82.3m
  [11040/27940] checked 23,030,568  4,645/s  elapsed 82.6m
  [11060/27940] checked 23,060,696  4,651/s  elapsed 82.6m
  [11080/27940] checked 23,079,688  4,655/s  elapsed 82.6m
  [11100/27940] checked 23,098,680  4,659/s  elapsed 82.6m
  [11120/27940] checked 23,117,672  4,660/s  elapsed 82.7m
  [11140/27940] checked 23,136,664  4,661/s  elapsed 82.7m
  [11160/27940] checked 23,168,100  4,660/s  elapsed 82.9m
  [11180/27940] checked 23,200,084  4,664/s  elapsed 82.9m
  [11200/27940] checked 23,219,076  4,662/s  elapsed 83.0m
  [11220/27940] checked 23,238,068  4,662/s  elapsed 83.1m
  [11240/27940] checked 23,257,060  4,661/s  elapsed 83.2m
  [11260/27940] checked 23,276,052  4,663/s  elapsed 83.2m
  [11280/27940] checked 23,305,632  4,642/s  elapsed 83.7m
  [11300/27940] checked 23,339,472  4,649/s  elapsed 83.7m
  [11320/27940] checked 23,358,464  4,653/s  elapsed 83.7m
  [11340/27940] checked 23,377,456  4,657/s  elapsed 83.7m
  [11360/27940] checked 23,396,448  4,660/s  elapsed 83.7m
  [11380/27940] checked 23,415,440  4,664/s  elapsed 83.7m
  [11400/27940] checked 23,443,164  4,659/s  elapsed 83.9m
  [11420/27940] checked 23,478,860  4,666/s  elapsed 83.9m
  [11440/27940] checked 23,497,852  4,669/s  elapsed 83.9m
  [11460/27940] checked 23,516,844  4,667/s  elapsed 84.0m
  [11480/27940] checked 23,535,836  4,670/s  elapsed 84.0m
  [11500/27940] checked 23,554,828  4,669/s  elapsed 84.1m
  [11520/27940] checked 23,580,696  4,649/s  elapsed 84.5m
  [11540/27940] checked 23,616,392  4,656/s  elapsed 84.5m
  [11560/27940] checked 23,635,384  4,660/s  elapsed 84.5m
  [11580/27940] checked 23,654,376  4,663/s  elapsed 84.5m
  [11600/27940] checked 23,673,368  4,667/s  elapsed 84.5m
  [11620/27940] checked 23,692,360  4,670/s  elapsed 84.6m
  [11640/27940] checked 23,711,352  4,672/s  elapsed 84.6m
  [11660/27940] checked 23,755,780  4,667/s  elapsed 84.8m
  [11680/27940] checked 23,774,772  4,671/s  elapsed 84.8m
  [11700/27940] checked 23,793,764  4,674/s  elapsed 84.8m
  [11720/27940] checked 23,812,756  4,675/s  elapsed 84.9m
  [11740/27940] checked 23,831,748  4,675/s  elapsed 85.0m
  [11760/27940] checked 23,850,740  4,672/s  elapsed 85.1m
  [11780/27940] checked 23,895,168  4,665/s  elapsed 85.4m
  [11800/27940] checked 23,914,160  4,668/s  elapsed 85.4m
  [11820/27940] checked 23,933,152  4,672/s  elapsed 85.4m
  [11840/27940] checked 23,952,144  4,672/s  elapsed 85.4m
  [11860/27940] checked 23,971,136  4,670/s  elapsed 85.6m
  [11880/27940] checked 23,990,128  4,670/s  elapsed 85.6m
  [11900/27940] checked 24,034,556  4,663/s  elapsed 85.9m
  [11920/27940] checked 24,053,548  4,667/s  elapsed 85.9m
  [11940/27940] checked 24,072,540  4,670/s  elapsed 85.9m
  [11960/27940] checked 24,091,532  4,668/s  elapsed 86.0m
  [11980/27940] checked 24,110,524  4,668/s  elapsed 86.1m
  [12000/27940] checked 24,129,516  4,667/s  elapsed 86.2m
  [12020/27940] checked 24,173,944  4,653/s  elapsed 86.6m
  [12040/27940] checked 24,192,936  4,657/s  elapsed 86.6m
  [12060/27940] checked 24,211,928  4,660/s  elapsed 86.6m
  [12080/27940] checked 24,230,920  4,664/s  elapsed 86.6m
  [12100/27940] checked 24,249,912  4,668/s  elapsed 86.6m
  [12120/27940] checked 24,268,904  4,667/s  elapsed 86.7m
  [12140/27940] checked 24,313,332  4,662/s  elapsed 86.9m
  [12160/27940] checked 24,332,324  4,665/s  elapsed 86.9m
  [12180/27940] checked 24,351,316  4,669/s  elapsed 86.9m
  [12200/27940] checked 24,370,308  4,667/s  elapsed 87.0m
  [12220/27940] checked 24,389,300  4,665/s  elapsed 87.1m
  [12240/27940] checked 24,408,292  4,666/s  elapsed 87.2m
  [12260/27940] checked 24,452,720  4,647/s  elapsed 87.7m
  [12280/27940] checked 24,471,712  4,651/s  elapsed 87.7m
  [12300/27940] checked 24,490,704  4,654/s  elapsed 87.7m
  [12320/27940] checked 24,509,696  4,658/s  elapsed 87.7m
  [12340/27940] checked 24,528,688  4,661/s  elapsed 87.7m
  [12360/27940] checked 24,547,680  4,663/s  elapsed 87.7m
  [12380/27940] checked 24,592,108  4,661/s  elapsed 87.9m
  [12400/27940] checked 24,611,100  4,663/s  elapsed 88.0m
  [12420/27940] checked 24,630,092  4,664/s  elapsed 88.0m
  [12440/27940] checked 24,649,084  4,665/s  elapsed 88.1m
  [12460/27940] checked 24,668,076  4,664/s  elapsed 88.2m
  [12480/27940] checked 24,687,068  4,662/s  elapsed 88.3m
  [12500/27940] checked 24,842,064  4,616/s  elapsed 89.7m
  [12520/27940] checked 24,901,340  4,627/s  elapsed 89.7m
  [12540/27940] checked 24,967,492  4,639/s  elapsed 89.7m
  [12560/27940] checked 25,033,644  4,652/s  elapsed 89.7m
  [12580/27940] checked 25,099,796  4,651/s  elapsed 89.9m
  [12600/27940] checked 25,165,948  4,659/s  elapsed 90.0m
  [12620/27940] checked 25,225,224  4,659/s  elapsed 90.2m
  [12640/27940] checked 25,291,376  4,665/s  elapsed 90.4m
  [12660/27940] checked 25,314,080  4,669/s  elapsed 90.4m
  [12680/27940] checked 25,333,072  4,669/s  elapsed 90.4m
  [12700/27940] checked 25,352,064  4,669/s  elapsed 90.5m
  [12720/27940] checked 25,371,056  4,668/s  elapsed 90.6m
  [12740/27940] checked 25,390,048  4,667/s  elapsed 90.7m
  [12760/27940] checked 25,428,908  4,662/s  elapsed 90.9m
  [12780/27940] checked 25,453,468  4,666/s  elapsed 90.9m
  [12800/27940] checked 25,472,460  4,669/s  elapsed 90.9m
  [12820/27940] checked 25,491,452  4,671/s  elapsed 91.0m
  [12840/27940] checked 25,510,444  4,668/s  elapsed 91.1m
  [12860/27940] checked 25,529,436  4,671/s  elapsed 91.1m
  [12880/27940] checked 25,566,440  4,649/s  elapsed 91.7m
  [12900/27940] checked 25,592,856  4,654/s  elapsed 91.7m
  [12920/27940] checked 25,611,848  4,657/s  elapsed 91.7m
  [12940/27940] checked 25,630,840  4,661/s  elapsed 91.7m
  [12960/27940] checked 25,649,832  4,664/s  elapsed 91.7m
  [12980/27940] checked 25,668,824  4,665/s  elapsed 91.7m
  [13000/27940] checked 25,703,972  4,661/s  elapsed 91.9m
  [13020/27940] checked 25,732,244  4,666/s  elapsed 91.9m
  [13040/27940] checked 25,751,236  4,668/s  elapsed 91.9m
  [13060/27940] checked 25,770,228  4,672/s  elapsed 91.9m
  [13080/27940] checked 25,789,220  4,669/s  elapsed 92.1m
  [13100/27940] checked 25,808,212  4,672/s  elapsed 92.1m
  [13120/27940] checked 25,841,504  4,661/s  elapsed 92.4m
  [13140/27940] checked 25,871,632  4,666/s  elapsed 92.4m
  [13160/27940] checked 25,890,624  4,670/s  elapsed 92.4m
  [13180/27940] checked 25,909,616  4,673/s  elapsed 92.4m
  [13200/27940] checked 25,928,608  4,674/s  elapsed 92.5m
  [13220/27940] checked 25,947,600  4,670/s  elapsed 92.6m
  [13240/27940] checked 25,979,036  4,664/s  elapsed 92.8m
  [13260/27940] checked 26,011,020  4,670/s  elapsed 92.8m
  [13280/27940] checked 26,030,012  4,673/s  elapsed 92.8m
  [13300/27940] checked 26,049,004  4,671/s  elapsed 92.9m
  [13320/27940] checked 26,067,996  4,673/s  elapsed 93.0m
  [13340/27940] checked 26,086,988  4,670/s  elapsed 93.1m
  [13360/27940] checked 26,116,568  4,665/s  elapsed 93.3m
  [13380/27940] checked 26,150,408  4,671/s  elapsed 93.3m
  [13400/27940] checked 26,169,400  4,674/s  elapsed 93.3m
  [13420/27940] checked 26,188,392  4,671/s  elapsed 93.4m
  [13440/27940] checked 26,207,384  4,673/s  elapsed 93.5m
  [13460/27940] checked 26,226,376  4,672/s  elapsed 93.6m
  [13480/27940] checked 26,254,100  4,659/s  elapsed 93.9m
  [13500/27940] checked 26,289,796  4,665/s  elapsed 93.9m
  [13520/27940] checked 26,308,788  4,669/s  elapsed 93.9m
  [13540/27940] checked 26,327,780  4,672/s  elapsed 93.9m
  [13560/27940] checked 26,346,772  4,669/s  elapsed 94.0m
  [13580/27940] checked 26,365,764  4,671/s  elapsed 94.1m
  [13600/27940] checked 26,391,632  4,657/s  elapsed 94.4m
  [13620/27940] checked 26,427,328  4,664/s  elapsed 94.4m
  [13640/27940] checked 26,446,320  4,667/s  elapsed 94.4m
  [13660/27940] checked 26,465,312  4,669/s  elapsed 94.5m
  [13680/27940] checked 26,484,304  4,667/s  elapsed 94.6m
  [13700/27940] checked 26,503,296  4,669/s  elapsed 94.6m
  [13720/27940] checked 26,522,288  4,663/s  elapsed 94.8m
  [13740/27940] checked 26,566,716  4,656/s  elapsed 95.1m
  [13760/27940] checked 26,585,708  4,659/s  elapsed 95.1m
  [13780/27940] checked 26,604,700  4,662/s  elapsed 95.1m
  [13800/27940] checked 26,623,692  4,665/s  elapsed 95.1m
  [13820/27940] checked 26,642,684  4,662/s  elapsed 95.2m
  [13840/27940] checked 26,661,676  4,661/s  elapsed 95.3m
  [13860/27940] checked 26,706,104  4,661/s  elapsed 95.5m
  [13880/27940] checked 26,725,096  4,663/s  elapsed 95.5m
  [13900/27940] checked 26,744,088  4,659/s  elapsed 95.7m
  [13920/27940] checked 26,763,080  4,658/s  elapsed 95.8m
  [13940/27940] checked 26,782,072  4,659/s  elapsed 95.8m
  [13960/27940] checked 26,801,064  4,656/s  elapsed 95.9m
  [13980/27940] checked 26,845,492  4,638/s  elapsed 96.5m
  [14000/27940] checked 26,864,484  4,642/s  elapsed 96.5m
  [14020/27940] checked 26,883,476  4,645/s  elapsed 96.5m
  [14040/27940] checked 26,902,468  4,648/s  elapsed 96.5m
  [14060/27940] checked 26,921,460  4,650/s  elapsed 96.5m
  [14080/27940] checked 26,940,452  4,647/s  elapsed 96.6m
  [14100/27940] checked 26,984,880  4,636/s  elapsed 97.0m
  [14120/27940] checked 27,003,872  4,639/s  elapsed 97.0m
  [14140/27940] checked 27,022,864  4,642/s  elapsed 97.0m
  [14160/27940] checked 27,041,856  4,644/s  elapsed 97.0m
  [14180/27940] checked 27,060,848  4,646/s  elapsed 97.1m
  [14200/27940] checked 27,079,840  4,646/s  elapsed 97.1m
  [14220/27940] checked 27,240,404  4,618/s  elapsed 98.3m
  [14240/27940] checked 27,306,556  4,629/s  elapsed 98.3m
  [14260/27940] checked 27,365,832  4,639/s  elapsed 98.3m
  [14280/27940] checked 27,431,984  4,639/s  elapsed 98.6m
  [14300/27940] checked 27,498,136  4,637/s  elapsed 98.8m
  [14320/27940] checked 27,564,288  4,644/s  elapsed 98.9m
  [14340/27940] checked 27,630,440  4,639/s  elapsed 99.3m
  [14360/27940] checked 27,689,716  4,645/s  elapsed 99.4m
  [14380/27940] checked 27,708,708  4,648/s  elapsed 99.4m
  [14400/27940] checked 27,727,700  4,649/s  elapsed 99.4m
  [14420/27940] checked 27,746,692  4,651/s  elapsed 99.4m
  [14440/27940] checked 27,765,684  4,646/s  elapsed 99.6m
  [14460/27940] checked 27,784,676  4,647/s  elapsed 99.6m
  [14480/27940] checked 27,827,248  4,643/s  elapsed 99.9m
  [14500/27940] checked 27,846,240  4,646/s  elapsed 99.9m
  [14520/27940] checked 27,865,232  4,649/s  elapsed 99.9m
  [14540/27940] checked 27,884,224  4,648/s  elapsed 100.0m
  [14560/27940] checked 27,903,216  4,647/s  elapsed 100.1m
  [14580/27940] checked 27,922,208  4,646/s  elapsed 100.2m
  [14600/27940] checked 27,964,780  4,640/s  elapsed 100.5m
  [14620/27940] checked 27,985,628  4,643/s  elapsed 100.5m
  [14640/27940] checked 28,004,620  4,646/s  elapsed 100.5m
  [14660/27940] checked 28,023,612  4,650/s  elapsed 100.5m
  [14680/27940] checked 28,042,604  4,648/s  elapsed 100.5m
  [14700/27940] checked 28,061,596  4,649/s  elapsed 100.6m
  [14720/27940] checked 28,102,312  4,641/s  elapsed 100.9m
  [14740/27940] checked 28,125,016  4,645/s  elapsed 100.9m
  [14760/27940] checked 28,144,008  4,648/s  elapsed 100.9m
  [14780/27940] checked 28,163,000  4,649/s  elapsed 101.0m
  [14800/27940] checked 28,181,992  4,650/s  elapsed 101.0m
  [14820/27940] checked 28,200,984  4,651/s  elapsed 101.1m
  [14840/27940] checked 28,239,844  4,648/s  elapsed 101.3m
  [14860/27940] checked 28,264,404  4,652/s  elapsed 101.3m
  [14880/27940] checked 28,283,396  4,655/s  elapsed 101.3m
  [14900/27940] checked 28,302,388  4,657/s  elapsed 101.3m
  [14920/27940] checked 28,321,380  4,656/s  elapsed 101.4m
  [14940/27940] checked 28,340,372  4,653/s  elapsed 101.5m
  [14960/27940] checked 28,377,376  4,646/s  elapsed 101.8m
  [14980/27940] checked 28,403,792  4,650/s  elapsed 101.8m
  [15000/27940] checked 28,422,784  4,651/s  elapsed 101.9m
  [15020/27940] checked 28,441,776  4,652/s  elapsed 101.9m
  [15040/27940] checked 28,460,768  4,651/s  elapsed 102.0m
  [15060/27940] checked 28,479,760  4,648/s  elapsed 102.1m
  [15080/27940] checked 28,514,908  4,639/s  elapsed 102.5m
  [15100/27940] checked 28,543,180  4,643/s  elapsed 102.5m
  [15120/27940] checked 28,562,172  4,646/s  elapsed 102.5m
  [15140/27940] checked 28,581,164  4,649/s  elapsed 102.5m
  [15160/27940] checked 28,600,156  4,646/s  elapsed 102.6m
  [15180/27940] checked 28,619,148  4,645/s  elapsed 102.7m
  [15200/27940] checked 28,652,440  4,642/s  elapsed 102.9m
  [15220/27940] checked 28,682,568  4,645/s  elapsed 102.9m
  [15240/27940] checked 28,701,560  4,646/s  elapsed 103.0m
  [15260/27940] checked 28,720,552  4,646/s  elapsed 103.0m
  [15280/27940] checked 28,739,544  4,643/s  elapsed 103.2m
  [15300/27940] checked 28,758,536  4,646/s  elapsed 103.2m
  [15320/27940] checked 28,789,972  4,635/s  elapsed 103.5m
  [15340/27940] checked 28,821,956  4,640/s  elapsed 103.5m
  [15360/27940] checked 28,840,948  4,644/s  elapsed 103.5m
  [15380/27940] checked 28,859,940  4,647/s  elapsed 103.5m
  [15400/27940] checked 28,878,932  4,645/s  elapsed 103.6m
  [15420/27940] checked 28,897,924  4,641/s  elapsed 103.8m
  [15440/27940] checked 28,927,504  4,623/s  elapsed 104.3m
  [15460/27940] checked 28,961,344  4,628/s  elapsed 104.3m
  [15480/27940] checked 28,980,336  4,631/s  elapsed 104.3m
  [15500/27940] checked 28,999,328  4,634/s  elapsed 104.3m
  [15520/27940] checked 29,018,320  4,637/s  elapsed 104.3m
  [15540/27940] checked 29,037,312  4,639/s  elapsed 104.3m
  [15560/27940] checked 29,065,036  4,616/s  elapsed 104.9m
  [15580/27940] checked 29,100,732  4,621/s  elapsed 104.9m
  [15600/27940] checked 29,119,724  4,625/s  elapsed 104.9m
  [15620/27940] checked 29,138,716  4,628/s  elapsed 104.9m
  [15640/27940] checked 29,157,708  4,631/s  elapsed 104.9m
  [15660/27940] checked 29,176,700  4,633/s  elapsed 105.0m
  [15680/27940] checked 29,202,568  4,619/s  elapsed 105.4m
  [15700/27940] checked 29,238,264  4,625/s  elapsed 105.4m
  [15720/27940] checked 29,257,256  4,628/s  elapsed 105.4m
  [15740/27940] checked 29,276,248  4,631/s  elapsed 105.4m
  [15760/27940] checked 29,295,240  4,629/s  elapsed 105.5m
  [15780/27940] checked 29,314,232  4,631/s  elapsed 105.5m
  [15800/27940] checked 29,333,224  4,629/s  elapsed 105.6m
  [15820/27940] checked 29,377,652  4,620/s  elapsed 106.0m
  [15840/27940] checked 29,396,644  4,623/s  elapsed 106.0m
  [15860/27940] checked 29,415,636  4,624/s  elapsed 106.0m
  [15880/27940] checked 29,434,628  4,625/s  elapsed 106.1m
  [15900/27940] checked 29,453,620  4,622/s  elapsed 106.2m
  [15920/27940] checked 29,472,612  4,622/s  elapsed 106.3m
  [15940/27940] checked 29,638,744  4,597/s  elapsed 107.4m
  [15960/27940] checked 29,704,896  4,608/s  elapsed 107.4m
  [15980/27940] checked 29,771,048  4,613/s  elapsed 107.6m
  [16000/27940] checked 29,837,200  4,609/s  elapsed 107.9m
  [16020/27940] checked 29,896,476  4,618/s  elapsed 107.9m
  [16040/27940] checked 29,962,628  4,620/s  elapsed 108.1m
  [16060/27940] checked 30,028,780  4,611/s  elapsed 108.5m
  [16080/27940] checked 30,082,488  4,619/s  elapsed 108.5m
  [16100/27940] checked 30,101,480  4,622/s  elapsed 108.5m
  [16120/27940] checked 30,120,472  4,625/s  elapsed 108.5m
  [16140/27940] checked 30,139,464  4,628/s  elapsed 108.5m
  [16160/27940] checked 30,158,456  4,623/s  elapsed 108.7m
  [16180/27940] checked 30,177,448  4,625/s  elapsed 108.8m
  [16200/27940] checked 30,221,876  4,620/s  elapsed 109.0m
  [16220/27940] checked 30,240,868  4,623/s  elapsed 109.0m
  [16240/27940] checked 30,259,860  4,623/s  elapsed 109.1m
  [16260/27940] checked 30,278,852  4,625/s  elapsed 109.1m
  [16280/27940] checked 30,297,844  4,625/s  elapsed 109.2m
  [16300/27940] checked 30,316,836  4,627/s  elapsed 109.2m
  [16320/27940] checked 30,361,264  4,624/s  elapsed 109.4m
  [16340/27940] checked 30,380,256  4,627/s  elapsed 109.4m
  [16360/27940] checked 30,399,248  4,629/s  elapsed 109.5m
  [16380/27940] checked 30,418,240  4,627/s  elapsed 109.6m
  [16400/27940] checked 30,437,232  4,625/s  elapsed 109.7m
  [16420/27940] checked 30,456,224  4,628/s  elapsed 109.7m
  [16440/27940] checked 30,500,652  4,623/s  elapsed 110.0m
  [16460/27940] checked 30,519,644  4,626/s  elapsed 110.0m
  [16480/27940] checked 30,538,636  4,629/s  elapsed 110.0m
  [16500/27940] checked 30,557,628  4,626/s  elapsed 110.1m
  [16520/27940] checked 30,576,620  4,628/s  elapsed 110.1m
  [16540/27940] checked 30,595,612  4,628/s  elapsed 110.2m
  [16560/27940] checked 30,638,184  4,626/s  elapsed 110.4m
  [16580/27940] checked 30,657,176  4,628/s  elapsed 110.4m
  [16600/27940] checked 30,676,168  4,630/s  elapsed 110.4m
  [16620/27940] checked 30,695,160  4,627/s  elapsed 110.6m
  [16640/27940] checked 30,714,152  4,628/s  elapsed 110.6m
  [16660/27940] checked 30,733,144  4,627/s  elapsed 110.7m
  [16680/27940] checked 30,775,716  4,625/s  elapsed 110.9m
  [16700/27940] checked 30,796,564  4,628/s  elapsed 110.9m
  [16720/27940] checked 30,815,556  4,627/s  elapsed 111.0m
  [16740/27940] checked 30,834,548  4,627/s  elapsed 111.1m
  [16760/27940] checked 30,853,540  4,626/s  elapsed 111.2m
  [16780/27940] checked 30,872,532  4,623/s  elapsed 111.3m
  [16800/27940] checked 30,913,248  4,624/s  elapsed 111.4m
  [16820/27940] checked 30,935,952  4,627/s  elapsed 111.4m
  [16840/27940] checked 30,954,944  4,627/s  elapsed 111.5m
  [16860/27940] checked 30,973,936  4,627/s  elapsed 111.6m
  [16880/27940] checked 30,992,928  4,629/s  elapsed 111.6m
  [16900/27940] checked 31,011,920  4,627/s  elapsed 111.7m
  [16920/27940] checked 31,050,780  4,620/s  elapsed 112.0m
  [16940/27940] checked 31,075,340  4,624/s  elapsed 112.0m
  [16960/27940] checked 31,094,332  4,627/s  elapsed 112.0m
  [16980/27940] checked 31,113,324  4,630/s  elapsed 112.0m
  [17000/27940] checked 31,132,316  4,627/s  elapsed 112.1m
  [17020/27940] checked 31,151,308  4,626/s  elapsed 112.2m
  [17040/27940] checked 31,188,312  4,620/s  elapsed 112.5m
  [17060/27940] checked 31,214,728  4,624/s  elapsed 112.5m
  [17080/27940] checked 31,233,720  4,624/s  elapsed 112.6m
  [17100/27940] checked 31,252,712  4,626/s  elapsed 112.6m
  [17120/27940] checked 31,271,704  4,624/s  elapsed 112.7m
  [17140/27940] checked 31,290,696  4,622/s  elapsed 112.8m
  [17160/27940] checked 31,325,844  4,610/s  elapsed 113.2m
  [17180/27940] checked 31,354,116  4,614/s  elapsed 113.2m
  [17200/27940] checked 31,373,108  4,617/s  elapsed 113.2m
  [17220/27940] checked 31,392,100  4,620/s  elapsed 113.2m
  [17240/27940] checked 31,411,092  4,622/s  elapsed 113.3m
  [17260/27940] checked 31,430,084  4,622/s  elapsed 113.3m
  [17280/27940] checked 31,463,376  4,610/s  elapsed 113.7m
  [17300/27940] checked 31,493,504  4,615/s  elapsed 113.7m
  [17320/27940] checked 31,512,496  4,617/s  elapsed 113.7m
  [17340/27940] checked 31,531,488  4,620/s  elapsed 113.7m
  [17360/27940] checked 31,550,480  4,619/s  elapsed 113.8m
  [17380/27940] checked 31,569,472  4,614/s  elapsed 114.0m
  [17400/27940] checked 31,600,908  4,596/s  elapsed 114.6m
  [17420/27940] checked 31,632,892  4,601/s  elapsed 114.6m
  [17440/27940] checked 31,651,884  4,603/s  elapsed 114.6m
  [17460/27940] checked 31,670,876  4,606/s  elapsed 114.6m
  [17480/27940] checked 31,689,868  4,603/s  elapsed 114.7m
  [17500/27940] checked 31,708,860  4,604/s  elapsed 114.8m
  [17520/27940] checked 31,738,440  4,590/s  elapsed 115.2m
  [17540/27940] checked 31,772,280  4,595/s  elapsed 115.2m
  [17560/27940] checked 31,791,272  4,598/s  elapsed 115.2m
  [17580/27940] checked 31,810,264  4,599/s  elapsed 115.3m
  [17600/27940] checked 31,829,256  4,600/s  elapsed 115.3m
  [17620/27940] checked 31,848,248  4,599/s  elapsed 115.4m
  [17640/27940] checked 31,909,048  4,535/s  elapsed 117.3m
  [17660/27940] checked 32,037,084  4,553/s  elapsed 117.3m
  [17680/27940] checked 32,103,236  4,562/s  elapsed 117.3m
  [17700/27940] checked 32,169,388  4,572/s  elapsed 117.3m
  [17720/27940] checked 32,235,540  4,581/s  elapsed 117.3m
  [17740/27940] checked 32,301,692  4,579/s  elapsed 117.6m
  [17760/27940] checked 32,360,968  4,585/s  elapsed 117.6m
  [17780/27940] checked 32,427,120  4,582/s  elapsed 118.0m
  [17800/27940] checked 32,475,260  4,588/s  elapsed 118.0m
  [17820/27940] checked 32,494,252  4,590/s  elapsed 118.0m
  [17840/27940] checked 32,513,244  4,589/s  elapsed 118.1m
  [17860/27940] checked 32,532,236  4,590/s  elapsed 118.1m
  [17880/27940] checked 32,551,228  4,586/s  elapsed 118.3m
  [17900/27940] checked 32,570,220  4,586/s  elapsed 118.4m
  [17920/27940] checked 32,614,648  4,583/s  elapsed 118.6m
  [17940/27940] checked 32,633,640  4,585/s  elapsed 118.6m
  [17960/27940] checked 32,652,632  4,588/s  elapsed 118.6m
  [17980/27940] checked 32,671,624  4,588/s  elapsed 118.7m
  [18000/27940] checked 32,690,616  4,587/s  elapsed 118.8m
  [18020/27940] checked 32,709,608  4,586/s  elapsed 118.9m
  [18040/27940] checked 32,754,036  4,580/s  elapsed 119.2m
  [18060/27940] checked 32,773,028  4,582/s  elapsed 119.2m
  [18080/27940] checked 32,792,020  4,584/s  elapsed 119.2m
  [18100/27940] checked 32,811,012  4,585/s  elapsed 119.3m
  [18120/27940] checked 32,830,004  4,583/s  elapsed 119.4m
  [18140/27940] checked 32,848,996  4,585/s  elapsed 119.4m
  [18160/27940] checked 32,893,424  4,581/s  elapsed 119.7m
  [18180/27940] checked 32,912,416  4,584/s  elapsed 119.7m
  [18200/27940] checked 32,931,408  4,586/s  elapsed 119.7m
  [18220/27940] checked 32,950,400  4,584/s  elapsed 119.8m
  [18240/27940] checked 32,969,392  4,586/s  elapsed 119.8m
  [18260/27940] checked 32,988,384  4,579/s  elapsed 120.1m
  [18280/27940] checked 33,032,812  4,576/s  elapsed 120.3m
  [18300/27940] checked 33,051,804  4,579/s  elapsed 120.3m
  [18320/27940] checked 33,070,796  4,581/s  elapsed 120.3m
  [18340/27940] checked 33,089,788  4,581/s  elapsed 120.4m
  [18360/27940] checked 33,108,780  4,578/s  elapsed 120.5m
  [18380/27940] checked 33,127,772  4,577/s  elapsed 120.6m
  [18400/27940] checked 33,172,200  4,569/s  elapsed 121.0m
  [18420/27940] checked 33,191,192  4,572/s  elapsed 121.0m
  [18440/27940] checked 33,210,184  4,575/s  elapsed 121.0m
  [18460/27940] checked 33,229,176  4,577/s  elapsed 121.0m
  [18480/27940] checked 33,248,168  4,578/s  elapsed 121.1m
  [18500/27940] checked 33,267,160  4,575/s  elapsed 121.2m
  [18520/27940] checked 33,311,588  4,565/s  elapsed 121.6m
  [18540/27940] checked 33,330,580  4,567/s  elapsed 121.6m
  [18560/27940] checked 33,349,572  4,570/s  elapsed 121.6m
  [18580/27940] checked 33,368,564  4,573/s  elapsed 121.6m
  [18600/27940] checked 33,387,556  4,569/s  elapsed 121.8m
  [18620/27940] checked 33,406,548  4,571/s  elapsed 121.8m
  [18640/27940] checked 33,449,120  4,569/s  elapsed 122.0m
  [18660/27940] checked 33,468,112  4,572/s  elapsed 122.0m
  [18680/27940] checked 33,487,104  4,572/s  elapsed 122.1m
  [18700/27940] checked 33,506,096  4,573/s  elapsed 122.1m
  [18720/27940] checked 33,525,088  4,571/s  elapsed 122.2m
  [18740/27940] checked 33,544,080  4,573/s  elapsed 122.3m
  [18760/27940] checked 33,586,652  4,569/s  elapsed 122.5m
  [18780/27940] checked 33,607,500  4,572/s  elapsed 122.5m
  [18800/27940] checked 33,626,492  4,571/s  elapsed 122.6m
  [18820/27940] checked 33,645,484  4,571/s  elapsed 122.7m
  [18840/27940] checked 33,664,476  4,569/s  elapsed 122.8m
  [18860/27940] checked 33,683,468  4,566/s  elapsed 122.9m
  [18880/27940] checked 33,724,184  4,550/s  elapsed 123.5m
  [18900/27940] checked 33,746,888  4,553/s  elapsed 123.5m
  [18920/27940] checked 33,765,880  4,556/s  elapsed 123.5m
  [18940/27940] checked 33,784,872  4,558/s  elapsed 123.5m
  [18960/27940] checked 33,803,864  4,561/s  elapsed 123.5m
  [18980/27940] checked 33,822,856  4,563/s  elapsed 123.5m
  [19000/27940] checked 33,861,716  4,555/s  elapsed 123.9m
  [19020/27940] checked 33,886,276  4,559/s  elapsed 123.9m
  [19040/27940] checked 33,905,268  4,561/s  elapsed 123.9m
  [19060/27940] checked 33,924,260  4,561/s  elapsed 124.0m
  [19080/27940] checked 33,943,252  4,556/s  elapsed 124.2m
  [19100/27940] checked 33,962,244  4,555/s  elapsed 124.3m
  [19120/27940] checked 33,999,248  4,546/s  elapsed 124.7m
  [19140/27940] checked 34,025,664  4,549/s  elapsed 124.7m
  [19160/27940] checked 34,044,656  4,552/s  elapsed 124.7m
  [19180/27940] checked 34,063,648  4,550/s  elapsed 124.8m
  [19200/27940] checked 34,082,640  4,548/s  elapsed 124.9m
  [19220/27940] checked 34,101,632  4,547/s  elapsed 125.0m
  [19240/27940] checked 34,136,780  4,541/s  elapsed 125.3m
  [19260/27940] checked 34,165,052  4,545/s  elapsed 125.3m
  [19280/27940] checked 34,184,044  4,546/s  elapsed 125.3m
  [19300/27940] checked 34,203,036  4,544/s  elapsed 125.5m
  [19320/27940] checked 34,222,028  4,545/s  elapsed 125.5m
  [19340/27940] checked 34,241,020  4,540/s  elapsed 125.7m
  [19360/27940] checked 34,328,016  4,502/s  elapsed 127.1m
  [19380/27940] checked 34,442,300  4,517/s  elapsed 127.1m
  [19400/27940] checked 34,501,576  4,525/s  elapsed 127.1m
  [19420/27940] checked 34,567,728  4,532/s  elapsed 127.1m
  [19440/27940] checked 34,633,880  4,527/s  elapsed 127.5m
  [19460/27940] checked 34,700,032  4,525/s  elapsed 127.8m
  [19480/27940] checked 34,766,184  4,524/s  elapsed 128.1m
  [19500/27940] checked 34,832,336  4,521/s  elapsed 128.4m
  [19520/27940] checked 34,868,032  4,526/s  elapsed 128.4m
  [19540/27940] checked 34,887,024  4,528/s  elapsed 128.4m
  [19560/27940] checked 34,906,016  4,531/s  elapsed 128.4m
  [19580/27940] checked 34,925,008  4,531/s  elapsed 128.5m
  [19600/27940] checked 34,944,000  4,529/s  elapsed 128.6m
  [19620/27940] checked 34,962,992  4,529/s  elapsed 128.7m
  [19640/27940] checked 35,007,420  4,531/s  elapsed 128.8m
  [19660/27940] checked 35,026,412  4,530/s  elapsed 128.9m
  [19680/27940] checked 35,045,404  4,531/s  elapsed 128.9m
  [19700/27940] checked 35,064,396  4,528/s  elapsed 129.1m
  [19720/27940] checked 35,083,388  4,527/s  elapsed 129.2m
  [19740/27940] checked 35,102,380  4,525/s  elapsed 129.3m
  [19760/27940] checked 35,146,808  4,516/s  elapsed 129.7m
  [19780/27940] checked 35,165,800  4,518/s  elapsed 129.7m
  [19800/27940] checked 35,184,792  4,520/s  elapsed 129.7m
  [19820/27940] checked 35,203,784  4,523/s  elapsed 129.7m
  [19840/27940] checked 35,222,776  4,525/s  elapsed 129.7m
  [19860/27940] checked 35,241,768  4,527/s  elapsed 129.8m
  [19880/27940] checked 35,286,196  4,524/s  elapsed 130.0m
  [19900/27940] checked 35,305,188  4,526/s  elapsed 130.0m
  [19920/27940] checked 35,324,180  4,525/s  elapsed 130.1m
  [19940/27940] checked 35,343,172  4,524/s  elapsed 130.2m
  [19960/27940] checked 35,362,164  4,523/s  elapsed 130.3m
  [19980/27940] checked 35,381,156  4,523/s  elapsed 130.4m
  [20000/27940] checked 35,425,584  4,512/s  elapsed 130.9m
  [20020/27940] checked 35,444,576  4,514/s  elapsed 130.9m
  [20040/27940] checked 35,463,568  4,517/s  elapsed 130.9m
  [20060/27940] checked 35,482,560  4,519/s  elapsed 130.9m
  [20080/27940] checked 35,501,552  4,518/s  elapsed 131.0m
  [20100/27940] checked 35,520,544  4,519/s  elapsed 131.0m
  [20120/27940] checked 35,564,972  4,511/s  elapsed 131.4m
  [20140/27940] checked 35,583,964  4,513/s  elapsed 131.4m
  [20160/27940] checked 35,602,956  4,516/s  elapsed 131.4m
  [20180/27940] checked 35,621,948  4,515/s  elapsed 131.5m
  [20200/27940] checked 35,640,940  4,512/s  elapsed 131.7m
  [20220/27940] checked 35,659,932  4,511/s  elapsed 131.7m
  [20240/27940] checked 35,704,360  4,510/s  elapsed 132.0m
  [20260/27940] checked 35,723,352  4,512/s  elapsed 132.0m
  [20280/27940] checked 35,742,344  4,515/s  elapsed 132.0m
  [20300/27940] checked 35,761,336  4,512/s  elapsed 132.1m
  [20320/27940] checked 35,780,328  4,514/s  elapsed 132.1m
  [20340/27940] checked 35,799,320  4,511/s  elapsed 132.3m
  [20360/27940] checked 35,843,748  4,499/s  elapsed 132.8m
  [20380/27940] checked 35,862,740  4,502/s  elapsed 132.8m
  [20400/27940] checked 35,881,732  4,504/s  elapsed 132.8m
  [20420/27940] checked 35,900,724  4,507/s  elapsed 132.8m
  [20440/27940] checked 35,919,716  4,508/s  elapsed 132.8m
  [20460/27940] checked 35,938,708  4,504/s  elapsed 133.0m
  [20480/27940] checked 35,983,136  4,492/s  elapsed 133.5m
  [20500/27940] checked 36,002,128  4,494/s  elapsed 133.5m
  [20520/27940] checked 36,021,120  4,497/s  elapsed 133.5m
  [20540/27940] checked 36,040,112  4,499/s  elapsed 133.5m
  [20560/27940] checked 36,059,104  4,498/s  elapsed 133.6m
  [20580/27940] checked 36,078,096  4,497/s  elapsed 133.7m
  [20600/27940] checked 36,122,524  4,495/s  elapsed 133.9m
  [20620/27940] checked 36,141,516  4,497/s  elapsed 133.9m
  [20640/27940] checked 36,160,508  4,495/s  elapsed 134.1m
  [20660/27940] checked 36,179,500  4,497/s  elapsed 134.1m
  [20680/27940] checked 36,198,492  4,496/s  elapsed 134.2m
  [20700/27940] checked 36,217,484  4,498/s  elapsed 134.2m
  [20720/27940] checked 36,260,056  4,490/s  elapsed 134.6m
  [20740/27940] checked 36,279,048  4,492/s  elapsed 134.6m
  [20760/27940] checked 36,298,040  4,492/s  elapsed 134.7m
  [20780/27940] checked 36,317,032  4,489/s  elapsed 134.8m
  [20800/27940] checked 36,336,024  4,488/s  elapsed 134.9m
  [20820/27940] checked 36,355,016  4,488/s  elapsed 135.0m
  [20840/27940] checked 36,397,588  4,478/s  elapsed 135.5m
  [20860/27940] checked 36,418,436  4,480/s  elapsed 135.5m
  [20880/27940] checked 36,437,428  4,482/s  elapsed 135.5m
  [20900/27940] checked 36,456,420  4,485/s  elapsed 135.5m
  [20920/27940] checked 36,475,412  4,484/s  elapsed 135.6m
  [20940/27940] checked 36,494,404  4,482/s  elapsed 135.7m
  [20960/27940] checked 36,535,120  4,479/s  elapsed 136.0m
  [20980/27940] checked 36,557,824  4,479/s  elapsed 136.0m
  [21000/27940] checked 36,576,816  4,479/s  elapsed 136.1m
  [21020/27940] checked 36,595,808  4,479/s  elapsed 136.2m
  [21040/27940] checked 36,614,800  4,473/s  elapsed 136.4m
  [21060/27940] checked 36,633,792  4,475/s  elapsed 136.4m
  [21080/27940] checked 36,746,984  4,441/s  elapsed 137.9m
  [21100/27940] checked 36,840,640  4,452/s  elapsed 137.9m
  [21120/27940] checked 36,906,792  4,460/s  elapsed 137.9m
  [21140/27940] checked 36,972,944  4,467/s  elapsed 137.9m
  [21160/27940] checked 37,032,220  4,467/s  elapsed 138.2m
  [21180/27940] checked 37,098,372  4,466/s  elapsed 138.5m
  [21200/27940] checked 37,164,524  4,454/s  elapsed 139.1m
  [21220/27940] checked 37,230,676  4,456/s  elapsed 139.2m
  [21240/27940] checked 37,262,660  4,460/s  elapsed 139.2m
  [21260/27940] checked 37,281,652  4,462/s  elapsed 139.2m
  [21280/27940] checked 37,300,644  4,461/s  elapsed 139.3m
  [21300/27940] checked 37,319,636  4,460/s  elapsed 139.5m
  [21320/27940] checked 37,338,628  4,462/s  elapsed 139.5m
  [21340/27940] checked 37,368,208  4,454/s  elapsed 139.8m
  [21360/27940] checked 37,402,048  4,458/s  elapsed 139.8m
  [21380/27940] checked 37,421,040  4,460/s  elapsed 139.8m
  [21400/27940] checked 37,440,032  4,459/s  elapsed 139.9m
  [21420/27940] checked 37,459,024  4,462/s  elapsed 139.9m
  [21440/27940] checked 37,478,016  4,461/s  elapsed 140.0m
  [21460/27940] checked 37,505,740  4,451/s  elapsed 140.5m
  [21480/27940] checked 37,541,436  4,455/s  elapsed 140.5m
  [21500/27940] checked 37,560,428  4,457/s  elapsed 140.5m
  [21520/27940] checked 37,579,420  4,458/s  elapsed 140.5m
  [21540/27940] checked 37,598,412  4,458/s  elapsed 140.6m
  [21560/27940] checked 37,617,404  4,454/s  elapsed 140.8m
  [21580/27940] checked 37,643,272  4,450/s  elapsed 141.0m
  [21600/27940] checked 37,678,968  4,454/s  elapsed 141.0m
  [21620/27940] checked 37,697,960  4,456/s  elapsed 141.0m
  [21640/27940] checked 37,716,952  4,458/s  elapsed 141.0m
  [21660/27940] checked 37,735,944  4,458/s  elapsed 141.1m
  [21680/27940] checked 37,754,936  4,457/s  elapsed 141.2m
  [21700/27940] checked 37,773,928  4,455/s  elapsed 141.3m
  [21720/27940] checked 37,818,356  4,452/s  elapsed 141.6m
  [21740/27940] checked 37,837,348  4,454/s  elapsed 141.6m
  [21760/27940] checked 37,856,340  4,455/s  elapsed 141.6m
  [21780/27940] checked 37,875,332  4,452/s  elapsed 141.8m
  [21800/27940] checked 37,894,324  4,451/s  elapsed 141.9m
  [21820/27940] checked 37,913,316  4,446/s  elapsed 142.1m
  [21840/27940] checked 37,957,744  4,436/s  elapsed 142.6m
  [21860/27940] checked 37,976,736  4,438/s  elapsed 142.6m
  [21880/27940] checked 37,995,728  4,441/s  elapsed 142.6m
  [21900/27940] checked 38,014,720  4,443/s  elapsed 142.6m
  [21920/27940] checked 38,033,712  4,442/s  elapsed 142.7m
  [21940/27940] checked 38,052,704  4,442/s  elapsed 142.8m
  [21960/27940] checked 38,097,132  4,438/s  elapsed 143.1m
  [21980/27940] checked 38,116,124  4,440/s  elapsed 143.1m
  [22000/27940] checked 38,135,116  4,437/s  elapsed 143.2m
  [22020/27940] checked 38,154,108  4,439/s  elapsed 143.2m
  [22040/27940] checked 38,173,100  4,438/s  elapsed 143.3m
  [22060/27940] checked 38,192,092  4,439/s  elapsed 143.4m
  [22080/27940] checked 38,236,520  4,428/s  elapsed 143.9m
  [22100/27940] checked 38,255,512  4,430/s  elapsed 143.9m
  [22120/27940] checked 38,274,504  4,432/s  elapsed 143.9m
  [22140/27940] checked 38,293,496  4,435/s  elapsed 143.9m
  [22160/27940] checked 38,312,488  4,432/s  elapsed 144.1m
  [22180/27940] checked 38,331,480  4,430/s  elapsed 144.2m
  [22200/27940] checked 38,375,908  4,418/s  elapsed 144.8m
  [22220/27940] checked 38,394,900  4,420/s  elapsed 144.8m
  [22240/27940] checked 38,413,892  4,422/s  elapsed 144.8m
  [22260/27940] checked 38,432,884  4,424/s  elapsed 144.8m
  [22280/27940] checked 38,451,876  4,426/s  elapsed 144.8m
  [22300/27940] checked 38,470,868  4,426/s  elapsed 144.9m
  [22320/27940] checked 38,515,296  4,422/s  elapsed 145.2m
  [22340/27940] checked 38,534,288  4,424/s  elapsed 145.2m
  [22360/27940] checked 38,553,280  4,421/s  elapsed 145.3m
  [22380/27940] checked 38,572,272  4,424/s  elapsed 145.3m
  [22400/27940] checked 38,591,264  4,421/s  elapsed 145.5m
  [22420/27940] checked 38,610,256  4,420/s  elapsed 145.6m
  [22440/27940] checked 38,654,684  4,415/s  elapsed 145.9m
  [22460/27940] checked 38,673,676  4,418/s  elapsed 145.9m
  [22480/27940] checked 38,692,668  4,420/s  elapsed 145.9m
  [22500/27940] checked 38,711,660  4,417/s  elapsed 146.1m
  [22520/27940] checked 38,730,652  4,418/s  elapsed 146.1m
  [22540/27940] checked 38,749,644  4,416/s  elapsed 146.2m
  [22560/27940] checked 38,794,072  4,406/s  elapsed 146.7m
  [22580/27940] checked 38,813,064  4,408/s  elapsed 146.7m
  [22600/27940] checked 38,832,056  4,410/s  elapsed 146.7m
  [22620/27940] checked 38,851,048  4,411/s  elapsed 146.8m
  [22640/27940] checked 38,870,040  4,409/s  elapsed 146.9m
  [22660/27940] checked 38,889,032  4,410/s  elapsed 147.0m
  [22680/27940] checked 38,933,460  4,399/s  elapsed 147.5m
  [22700/27940] checked 38,952,452  4,401/s  elapsed 147.5m
  [22720/27940] checked 38,971,444  4,403/s  elapsed 147.5m
  [22740/27940] checked 38,990,436  4,405/s  elapsed 147.5m
  [22760/27940] checked 39,009,428  4,404/s  elapsed 147.6m
  [22780/27940] checked 39,028,420  4,403/s  elapsed 147.7m
  [22800/27940] checked 39,165,952  4,379/s  elapsed 149.1m
  [22820/27940] checked 39,238,980  4,388/s  elapsed 149.1m
  [22840/27940] checked 39,305,132  4,395/s  elapsed 149.1m
  [22860/27940] checked 39,371,284  4,391/s  elapsed 149.4m
  [22880/27940] checked 39,437,436  4,393/s  elapsed 149.6m
  [22900/27940] checked 39,496,712  4,390/s  elapsed 149.9m
  [22920/27940] checked 39,562,864  4,385/s  elapsed 150.4m
  [22940/27940] checked 39,629,016  4,382/s  elapsed 150.7m
  [22960/27940] checked 39,655,432  4,385/s  elapsed 150.7m
  [22980/27940] checked 39,674,424  4,387/s  elapsed 150.7m
  [23000/27940] checked 39,693,416  4,390/s  elapsed 150.7m
  [23020/27940] checked 39,712,408  4,387/s  elapsed 150.9m
  [23040/27940] checked 39,731,400  4,388/s  elapsed 150.9m
  [23060/27940] checked 39,766,548  4,384/s  elapsed 151.2m
  [23080/27940] checked 39,794,820  4,387/s  elapsed 151.2m
  [23100/27940] checked 39,813,812  4,388/s  elapsed 151.2m
  [23120/27940] checked 39,832,804  4,386/s  elapsed 151.4m
  [23140/27940] checked 39,851,796  4,386/s  elapsed 151.4m
  [23160/27940] checked 39,870,788  4,387/s  elapsed 151.5m
  [23180/27940] checked 39,904,080  4,378/s  elapsed 151.9m
  [23200/27940] checked 39,934,208  4,382/s  elapsed 151.9m
  [23220/27940] checked 39,953,200  4,383/s  elapsed 151.9m
  [23240/27940] checked 39,972,192  4,381/s  elapsed 152.1m
  [23260/27940] checked 39,991,184  4,382/s  elapsed 152.1m
  [23280/27940] checked 40,010,176  4,381/s  elapsed 152.2m
  [23300/27940] checked 40,041,612  4,376/s  elapsed 152.5m
  [23320/27940] checked 40,073,596  4,380/s  elapsed 152.5m
  [23340/27940] checked 40,092,588  4,382/s  elapsed 152.5m
  [23360/27940] checked 40,111,580  4,382/s  elapsed 152.6m
  [23380/27940] checked 40,130,572  4,382/s  elapsed 152.6m
  [23400/27940] checked 40,149,564  4,382/s  elapsed 152.7m
  [23420/27940] checked 40,179,144  4,369/s  elapsed 153.3m
  [23440/27940] checked 40,212,984  4,372/s  elapsed 153.3m
  [23460/27940] checked 40,231,976  4,374/s  elapsed 153.3m
  [23480/27940] checked 40,250,968  4,374/s  elapsed 153.4m
  [23500/27940] checked 40,269,960  4,373/s  elapsed 153.5m
  [23520/27940] checked 40,288,952  4,373/s  elapsed 153.6m
  [23540/27940] checked 40,316,676  4,356/s  elapsed 154.3m
  [23560/27940] checked 40,352,372  4,360/s  elapsed 154.3m
  [23580/27940] checked 40,371,364  4,362/s  elapsed 154.3m
  [23600/27940] checked 40,390,356  4,364/s  elapsed 154.3m
  [23620/27940] checked 40,409,348  4,366/s  elapsed 154.3m
  [23640/27940] checked 40,428,340  4,368/s  elapsed 154.3m
  [23660/27940] checked 40,454,208  4,360/s  elapsed 154.7m
  [23680/27940] checked 40,489,904  4,363/s  elapsed 154.7m
  [23700/27940] checked 40,508,896  4,365/s  elapsed 154.7m
  [23720/27940] checked 40,527,888  4,367/s  elapsed 154.7m
  [23740/27940] checked 40,546,880  4,366/s  elapsed 154.8m
  [23760/27940] checked 40,565,872  4,367/s  elapsed 154.8m
  [23780/27940] checked 40,584,864  4,364/s  elapsed 155.0m
  [23800/27940] checked 40,629,292  4,357/s  elapsed 155.4m
  [23820/27940] checked 40,648,284  4,359/s  elapsed 155.4m
  [23840/27940] checked 40,667,276  4,361/s  elapsed 155.4m
  [23860/27940] checked 40,686,268  4,358/s  elapsed 155.6m
  [23880/27940] checked 40,705,260  4,358/s  elapsed 155.7m
  [23900/27940] checked 40,724,252  4,358/s  elapsed 155.8m
  [23920/27940] checked 40,768,680  4,347/s  elapsed 156.3m
  [23940/27940] checked 40,787,672  4,349/s  elapsed 156.3m
  [23960/27940] checked 40,806,664  4,351/s  elapsed 156.3m
  [23980/27940] checked 40,825,656  4,352/s  elapsed 156.4m
  [24000/27940] checked 40,844,648  4,353/s  elapsed 156.4m
  [24020/27940] checked 40,863,640  4,353/s  elapsed 156.5m
  [24040/27940] checked 40,908,068  4,342/s  elapsed 157.0m
  [24060/27940] checked 40,927,060  4,344/s  elapsed 157.0m
  [24080/27940] checked 40,946,052  4,346/s  elapsed 157.0m
  [24100/27940] checked 40,965,044  4,348/s  elapsed 157.0m
  [24120/27940] checked 40,984,036  4,346/s  elapsed 157.2m
  [24140/27940] checked 41,003,028  4,346/s  elapsed 157.2m
  [24160/27940] checked 41,047,456  4,334/s  elapsed 157.8m
  [24180/27940] checked 41,066,448  4,336/s  elapsed 157.8m
  [24200/27940] checked 41,085,440  4,338/s  elapsed 157.8m
  [24220/27940] checked 41,104,432  4,340/s  elapsed 157.8m
  [24240/27940] checked 41,123,424  4,340/s  elapsed 157.9m
  [24260/27940] checked 41,142,416  4,339/s  elapsed 158.1m
  [24280/27940] checked 41,186,844  4,326/s  elapsed 158.7m
  [24300/27940] checked 41,205,836  4,328/s  elapsed 158.7m
  [24320/27940] checked 41,224,828  4,330/s  elapsed 158.7m
  [24340/27940] checked 41,243,820  4,332/s  elapsed 158.7m
  [24360/27940] checked 41,262,812  4,334/s  elapsed 158.7m
  [24380/27940] checked 41,281,804  4,336/s  elapsed 158.7m
  [24400/27940] checked 41,326,232  4,325/s  elapsed 159.2m
  [24420/27940] checked 41,345,224  4,327/s  elapsed 159.2m
  [24440/27940] checked 41,364,216  4,329/s  elapsed 159.2m
  [24460/27940] checked 41,383,208  4,329/s  elapsed 159.3m
  [24480/27940] checked 41,402,200  4,331/s  elapsed 159.3m
  [24500/27940] checked 41,421,192  4,332/s  elapsed 159.4m
  [24520/27940] checked 41,578,044  4,308/s  elapsed 160.9m
  [24540/27940] checked 41,637,320  4,314/s  elapsed 160.9m
  [24560/27940] checked 41,703,472  4,320/s  elapsed 160.9m
  [24580/27940] checked 41,769,624  4,316/s  elapsed 161.3m
  [24600/27940] checked 41,835,776  4,315/s  elapsed 161.6m
  [24620/27940] checked 41,901,928  4,311/s  elapsed 162.0m
  [24640/27940] checked 41,968,080  4,316/s  elapsed 162.1m
  [24660/27940] checked 42,027,356  4,315/s  elapsed 162.3m
  [24680/27940] checked 42,048,204  4,317/s  elapsed 162.3m
  [24700/27940] checked 42,067,196  4,319/s  elapsed 162.3m
  [24720/27940] checked 42,086,188  4,317/s  elapsed 162.5m
  [24740/27940] checked 42,105,180  4,316/s  elapsed 162.6m
  [24760/27940] checked 42,124,172  4,317/s  elapsed 162.6m
  [24780/27940] checked 42,164,888  4,313/s  elapsed 162.9m
  [24800/27940] checked 42,187,592  4,315/s  elapsed 162.9m
  [24820/27940] checked 42,206,584  4,317/s  elapsed 162.9m
  [24840/27940] checked 42,225,576  4,319/s  elapsed 162.9m
  [24860/27940] checked 42,244,568  4,318/s  elapsed 163.1m
  [24880/27940] checked 42,263,560  4,316/s  elapsed 163.2m
  [24900/27940] checked 42,302,420  4,309/s  elapsed 163.6m
  [24920/27940] checked 42,326,980  4,312/s  elapsed 163.6m
  [24940/27940] checked 42,345,972  4,313/s  elapsed 163.6m
  [24960/27940] checked 42,364,964  4,313/s  elapsed 163.7m
  [24980/27940] checked 42,383,956  4,311/s  elapsed 163.9m
  [25000/27940] checked 42,402,948  4,310/s  elapsed 164.0m
  [25020/27940] checked 42,439,952  4,298/s  elapsed 164.6m
  [25040/27940] checked 42,466,368  4,301/s  elapsed 164.6m
  [25060/27940] checked 42,485,360  4,303/s  elapsed 164.6m
  [25080/27940] checked 42,504,352  4,305/s  elapsed 164.6m
  [25100/27940] checked 42,523,344  4,307/s  elapsed 164.6m
  [25120/27940] checked 42,542,336  4,308/s  elapsed 164.6m
  [25140/27940] checked 42,577,484  4,300/s  elapsed 165.0m
  [25160/27940] checked 42,605,756  4,303/s  elapsed 165.0m
  [25180/27940] checked 42,624,748  4,305/s  elapsed 165.0m
  [25200/27940] checked 42,643,740  4,305/s  elapsed 165.1m
  [25220/27940] checked 42,662,732  4,305/s  elapsed 165.2m
  [25240/27940] checked 42,681,724  4,304/s  elapsed 165.3m
  [25260/27940] checked 42,715,016  4,294/s  elapsed 165.8m
  [25280/27940] checked 42,745,144  4,297/s  elapsed 165.8m
  [25300/27940] checked 42,764,136  4,299/s  elapsed 165.8m
  [25320/27940] checked 42,783,128  4,299/s  elapsed 165.9m
  [25340/27940] checked 42,802,120  4,298/s  elapsed 166.0m
  [25360/27940] checked 42,821,112  4,298/s  elapsed 166.1m
  [25380/27940] checked 42,852,548  4,294/s  elapsed 166.3m
  [25400/27940] checked 42,884,532  4,297/s  elapsed 166.3m
  [25420/27940] checked 42,903,524  4,297/s  elapsed 166.4m
  [25440/27940] checked 42,922,516  4,296/s  elapsed 166.5m
  [25460/27940] checked 42,941,508  4,296/s  elapsed 166.6m
  [25480/27940] checked 42,960,500  4,296/s  elapsed 166.7m
  [25500/27940] checked 42,990,080  4,287/s  elapsed 167.1m
  [25520/27940] checked 43,023,920  4,290/s  elapsed 167.1m
  [25540/27940] checked 43,042,912  4,290/s  elapsed 167.2m
  [25560/27940] checked 43,061,904  4,288/s  elapsed 167.4m
  [25580/27940] checked 43,080,896  4,288/s  elapsed 167.4m
  [25600/27940] checked 43,099,888  4,288/s  elapsed 167.5m
  [25620/27940] checked 43,127,612  4,281/s  elapsed 167.9m
  [25640/27940] checked 43,163,308  4,285/s  elapsed 167.9m
  [25660/27940] checked 43,182,300  4,285/s  elapsed 168.0m
  [25680/27940] checked 43,201,292  4,284/s  elapsed 168.1m
  [25700/27940] checked 43,220,284  4,284/s  elapsed 168.1m
  [25720/27940] checked 43,239,276  4,283/s  elapsed 168.3m
  [25740/27940] checked 43,265,144  4,274/s  elapsed 168.7m
  [25760/27940] checked 43,300,840  4,278/s  elapsed 168.7m
  [25780/27940] checked 43,319,832  4,280/s  elapsed 168.7m
  [25800/27940] checked 43,338,824  4,279/s  elapsed 168.8m
  [25820/27940] checked 43,357,816  4,277/s  elapsed 168.9m
  [25840/27940] checked 43,376,808  4,278/s  elapsed 169.0m
  [25860/27940] checked 43,395,800  4,279/s  elapsed 169.0m
  [25880/27940] checked 43,440,228  4,269/s  elapsed 169.6m
  [25900/27940] checked 43,459,220  4,271/s  elapsed 169.6m
  [25920/27940] checked 43,478,212  4,273/s  elapsed 169.6m
  [25940/27940] checked 43,497,204  4,275/s  elapsed 169.6m
  [25960/27940] checked 43,516,196  4,273/s  elapsed 169.7m
  [25980/27940] checked 43,535,188  4,272/s  elapsed 169.8m
  [26000/27940] checked 43,579,616  4,270/s  elapsed 170.1m
  [26020/27940] checked 43,598,608  4,270/s  elapsed 170.2m
  [26040/27940] checked 43,617,600  4,272/s  elapsed 170.2m
  [26060/27940] checked 43,636,592  4,270/s  elapsed 170.3m
  [26080/27940] checked 43,655,584  4,270/s  elapsed 170.4m
  [26100/27940] checked 43,674,576  4,271/s  elapsed 170.4m
  [26120/27940] checked 43,719,004  4,266/s  elapsed 170.8m
  [26140/27940] checked 43,737,996  4,267/s  elapsed 170.8m
  [26160/27940] checked 43,756,988  4,269/s  elapsed 170.8m
  [26180/27940] checked 43,775,980  4,269/s  elapsed 170.9m
  [26200/27940] checked 43,794,972  4,268/s  elapsed 171.0m
  [26220/27940] checked 43,813,964  4,270/s  elapsed 171.0m
  [26240/27940] checked 43,976,384  4,234/s  elapsed 173.1m
  [26260/27940] checked 44,042,536  4,240/s  elapsed 173.1m
  [26280/27940] checked 44,108,688  4,247/s  elapsed 173.1m
  [26300/27940] checked 44,167,964  4,252/s  elapsed 173.1m
  [26320/27940] checked 44,234,116  4,255/s  elapsed 173.3m
  [26340/27940] checked 44,300,268  4,254/s  elapsed 173.6m
  [26360/27940] checked 44,366,420  4,256/s  elapsed 173.7m
  [26380/27940] checked 44,423,840  4,262/s  elapsed 173.7m
  [26400/27940] checked 44,442,832  4,261/s  elapsed 173.8m
  [26420/27940] checked 44,461,824  4,260/s  elapsed 173.9m
  [26440/27940] checked 44,480,816  4,261/s  elapsed 174.0m
  [26460/27940] checked 44,499,808  4,259/s  elapsed 174.1m
  [26480/27940] checked 44,518,800  4,257/s  elapsed 174.3m
  [26500/27940] checked 44,563,228  4,257/s  elapsed 174.5m
  [26520/27940] checked 44,582,220  4,259/s  elapsed 174.5m
  [26540/27940] checked 44,601,212  4,258/s  elapsed 174.6m
  [26560/27940] checked 44,620,204  4,257/s  elapsed 174.7m
  [26580/27940] checked 44,639,196  4,258/s  elapsed 174.7m
  [26600/27940] checked 44,658,188  4,258/s  elapsed 174.8m
  [26620/27940] checked 44,700,760  4,252/s  elapsed 175.2m
  [26640/27940] checked 44,719,752  4,254/s  elapsed 175.2m
  [26660/27940] checked 44,738,744  4,256/s  elapsed 175.2m
  [26680/27940] checked 44,757,736  4,256/s  elapsed 175.3m
  [26700/27940] checked 44,776,728  4,255/s  elapsed 175.4m
  [26720/27940] checked 44,795,720  4,254/s  elapsed 175.5m
  [26740/27940] checked 44,838,292  4,252/s  elapsed 175.8m
  [26760/27940] checked 44,859,140  4,254/s  elapsed 175.8m
  [26780/27940] checked 44,878,132  4,255/s  elapsed 175.8m
  [26800/27940] checked 44,897,124  4,253/s  elapsed 175.9m
  [26820/27940] checked 44,916,116  4,255/s  elapsed 175.9m
  [26840/27940] checked 44,935,108  4,255/s  elapsed 176.0m
  [26860/27940] checked 44,975,824  4,251/s  elapsed 176.3m
  [26880/27940] checked 44,998,528  4,251/s  elapsed 176.4m
  [26900/27940] checked 45,017,520  4,253/s  elapsed 176.4m
  [26920/27940] checked 45,036,512  4,252/s  elapsed 176.5m
  [26940/27940] checked 45,055,504  4,250/s  elapsed 176.7m
  [26960/27940] checked 45,074,496  4,252/s  elapsed 176.7m
  [26980/27940] checked 45,113,356  4,245/s  elapsed 177.1m
  [27000/27940] checked 45,137,916  4,247/s  elapsed 177.1m
  [27020/27940] checked 45,156,908  4,249/s  elapsed 177.1m
  [27040/27940] checked 45,175,900  4,251/s  elapsed 177.1m
  [27060/27940] checked 45,194,892  4,251/s  elapsed 177.2m
  [27080/27940] checked 45,213,884  4,250/s  elapsed 177.3m
  [27100/27940] checked 45,250,888  4,238/s  elapsed 177.9m
  [27120/27940] checked 45,277,304  4,241/s  elapsed 177.9m
  [27140/27940] checked 45,296,296  4,243/s  elapsed 177.9m
  [27160/27940] checked 45,315,288  4,244/s  elapsed 177.9m
  [27180/27940] checked 45,334,280  4,246/s  elapsed 177.9m
  [27200/27940] checked 45,353,272  4,246/s  elapsed 178.0m
  [27220/27940] checked 45,388,420  4,233/s  elapsed 178.7m
  [27240/27940] checked 45,416,692  4,235/s  elapsed 178.7m
  [27260/27940] checked 45,435,684  4,237/s  elapsed 178.7m
  [27280/27940] checked 45,454,676  4,239/s  elapsed 178.7m
  [27300/27940] checked 45,473,668  4,241/s  elapsed 178.7m
  [27320/27940] checked 45,492,660  4,241/s  elapsed 178.8m
  [27340/27940] checked 45,525,952  4,229/s  elapsed 179.4m
  [27360/27940] checked 45,556,080  4,232/s  elapsed 179.4m
  [27380/27940] checked 45,575,072  4,234/s  elapsed 179.4m
  [27400/27940] checked 45,594,064  4,235/s  elapsed 179.4m
  [27420/27940] checked 45,613,056  4,236/s  elapsed 179.5m
  [27440/27940] checked 45,632,048  4,235/s  elapsed 179.6m
  [27460/27940] checked 45,663,484  4,223/s  elapsed 180.2m
  [27480/27940] checked 45,695,468  4,225/s  elapsed 180.2m
  [27500/27940] checked 45,714,460  4,227/s  elapsed 180.2m
  [27520/27940] checked 45,733,452  4,229/s  elapsed 180.2m
  [27540/27940] checked 45,752,444  4,231/s  elapsed 180.2m
  [27560/27940] checked 45,771,436  4,229/s  elapsed 180.4m
  [27580/27940] checked 45,801,016  4,222/s  elapsed 180.8m
  [27600/27940] checked 45,834,856  4,225/s  elapsed 180.8m
  [27620/27940] checked 45,853,848  4,227/s  elapsed 180.8m
  [27640/27940] checked 45,872,840  4,228/s  elapsed 180.8m
  [27660/27940] checked 45,891,832  4,227/s  elapsed 180.9m
  [27680/27940] checked 45,910,824  4,227/s  elapsed 181.0m
  [27700/27940] checked 45,938,548  4,214/s  elapsed 181.7m
  [27720/27940] checked 45,974,244  4,218/s  elapsed 181.7m
  [27740/27940] checked 45,993,236  4,220/s  elapsed 181.7m
  [27760/27940] checked 46,012,228  4,220/s  elapsed 181.7m
  [27780/27940] checked 46,031,220  4,219/s  elapsed 181.8m
  [27800/27940] checked 46,050,212  4,219/s  elapsed 181.9m
  [27820/27940] checked 46,076,080  4,214/s  elapsed 182.2m
  [27840/27940] checked 46,111,776  4,218/s  elapsed 182.2m
  [27860/27940] checked 46,130,768  4,219/s  elapsed 182.2m
  [27880/27940] checked 46,149,760  4,218/s  elapsed 182.3m
  [27900/27940] checked 46,168,752  4,217/s  elapsed 182.5m
  [27920/27940] checked 46,187,744  4,217/s  elapsed 182.6m
  [27940/27940] checked 46,206,736  4,218/s  elapsed 182.6m

length 17: 46,206,736 self-dual candidates decided in 182.6 min (4,217/s)
unsortable found: 0
=> no self-dual permutation of length 17 ending in 1 is unsortable by 3 stacks in series
